Archive member included because of file (symbol)

c:/program files (x86)/gnu tools arm embedded/4.9 2015q3/bin/../lib/gcc/arm-none-eabi/4.9.3/../../../../arm-none-eabi/lib/armv7e-m/softfp\libm.a(lib_a-w_sqrt.o)
                              ..\obj\LCD.o (sqrt)
c:/program files (x86)/gnu tools arm embedded/4.9 2015q3/bin/../lib/gcc/arm-none-eabi/4.9.3/../../../../arm-none-eabi/lib/armv7e-m/softfp\libm.a(lib_a-e_sqrt.o)
                              c:/program files (x86)/gnu tools arm embedded/4.9 2015q3/bin/../lib/gcc/arm-none-eabi/4.9.3/../../../../arm-none-eabi/lib/armv7e-m/softfp\libm.a(lib_a-w_sqrt.o) (__ieee754_sqrt)
c:/program files (x86)/gnu tools arm embedded/4.9 2015q3/bin/../lib/gcc/arm-none-eabi/4.9.3/../../../../arm-none-eabi/lib/armv7e-m/softfp\libm.a(lib_a-s_fpclassify.o)
                              c:/program files (x86)/gnu tools arm embedded/4.9 2015q3/bin/../lib/gcc/arm-none-eabi/4.9.3/../../../../arm-none-eabi/lib/armv7e-m/softfp\libm.a(lib_a-w_sqrt.o) (__fpclassifyd)
c:/program files (x86)/gnu tools arm embedded/4.9 2015q3/bin/../lib/gcc/arm-none-eabi/4.9.3/../../../../arm-none-eabi/lib/armv7e-m/softfp\libm.a(lib_a-s_lib_ver.o)
                              c:/program files (x86)/gnu tools arm embedded/4.9 2015q3/bin/../lib/gcc/arm-none-eabi/4.9.3/../../../../arm-none-eabi/lib/armv7e-m/softfp\libm.a(lib_a-w_sqrt.o) (__fdlib_version)
c:/program files (x86)/gnu tools arm embedded/4.9 2015q3/bin/../lib/gcc/arm-none-eabi/4.9.3/../../../../arm-none-eabi/lib/armv7e-m/softfp\libm.a(lib_a-s_matherr.o)
                              c:/program files (x86)/gnu tools arm embedded/4.9 2015q3/bin/../lib/gcc/arm-none-eabi/4.9.3/../../../../arm-none-eabi/lib/armv7e-m/softfp\libm.a(lib_a-w_sqrt.o) (matherr)
c:/program files (x86)/gnu tools arm embedded/4.9 2015q3/bin/../lib/gcc/arm-none-eabi/4.9.3/armv7e-m/softfp\libgcc.a(_arm_addsubdf3.o)
                              c:/program files (x86)/gnu tools arm embedded/4.9 2015q3/bin/../lib/gcc/arm-none-eabi/4.9.3/../../../../arm-none-eabi/lib/armv7e-m/softfp\libm.a(lib_a-e_sqrt.o) (__aeabi_dsub)
c:/program files (x86)/gnu tools arm embedded/4.9 2015q3/bin/../lib/gcc/arm-none-eabi/4.9.3/armv7e-m/softfp\libgcc.a(_arm_muldivdf3.o)
                              ..\obj\LCDTask.o (__aeabi_dmul)
c:/program files (x86)/gnu tools arm embedded/4.9 2015q3/bin/../lib/gcc/arm-none-eabi/4.9.3/armv7e-m/softfp\libgcc.a(_arm_cmpdf2.o)
                              c:/program files (x86)/gnu tools arm embedded/4.9 2015q3/bin/../lib/gcc/arm-none-eabi/4.9.3/../../../../arm-none-eabi/lib/armv7e-m/softfp\libm.a(lib_a-w_sqrt.o) (__aeabi_dcmplt)
c:/program files (x86)/gnu tools arm embedded/4.9 2015q3/bin/../lib/gcc/arm-none-eabi/4.9.3/armv7e-m/softfp\libgcc.a(_arm_fixdfsi.o)
                              ..\obj\LCD.o (__aeabi_d2iz)
c:/program files (x86)/gnu tools arm embedded/4.9 2015q3/bin/../lib/gcc/arm-none-eabi/4.9.3/armv7e-m/softfp\libgcc.a(_arm_fixunsdfsi.o)
                              ..\obj\LCDTask.o (__aeabi_d2uiz)
c:/program files (x86)/gnu tools arm embedded/4.9 2015q3/bin/../lib/gcc/arm-none-eabi/4.9.3/../../../../arm-none-eabi/lib/armv7e-m/softfp\libc.a(lib_a-errno.o)
                              c:/program files (x86)/gnu tools arm embedded/4.9 2015q3/bin/../lib/gcc/arm-none-eabi/4.9.3/../../../../arm-none-eabi/lib/armv7e-m/softfp\libm.a(lib_a-w_sqrt.o) (__errno)
c:/program files (x86)/gnu tools arm embedded/4.9 2015q3/bin/../lib/gcc/arm-none-eabi/4.9.3/../../../../arm-none-eabi/lib/armv7e-m/softfp\libc.a(lib_a-memcpy.o)
                              ..\obj\LCDTask.o (memcpy)

Allocating common symbols
Common symbol       size              file

PriNum              0x1               ..\obj\task.o
TaskNumPerPri       0x11              ..\obj\task.o
semAERRxBuff2       0x1               ..\obj\AERTask.o
AERdat_rxBuff2      0x100             ..\obj\AERTask.o
led_stk             0x400             ..\obj\LedTask.o
aer_stk             0x1000            ..\obj\AERTask.o
LCD_stk             0x2000            ..\obj\LCDTask.o
semAERRxBuff1       0x1               ..\obj\AERTask.o
AERdatBuff          0x100             ..\obj\LCDTask.o
RdyTaskPriInfo      0x4               ..\obj\task.o
i                   0x2               ..\obj\LCD.o
ActivePri           0x11              ..\obj\task.o
flagRxAERBuff_Ready
                    0x1               ..\obj\AERTask.o
lastjoyKey          0x1               ..\obj\JoyTmr.o
ADC_ConvertedValue  0x4               ..\obj\analogJoy_driver.o
AERdat_rxBuff1      0x100             ..\obj\AERTask.o
DeviceCode          0x2               ..\obj\LCD.o
keyFlag             0x5               ..\obj\JoyTmr.o

Discarded input sections

 .text          0x00000000        0x0 ..\obj\led_driver.o
 .data          0x00000000        0x0 ..\obj\led_driver.o
 .bss           0x00000000        0x0 ..\obj\led_driver.o
 .text          0x00000000        0x0 ..\obj\kernelHeap.o
 .data          0x00000000        0x0 ..\obj\kernelHeap.o
 .text.CoKmalloc
[...]
Memory Configuration

Name             Origin             Length             Attributes
rom              0x08000000         0x00100000         xr
ram              0x20000000         0x00020000         xrw
ram1             0x10000000         0x00010000         xrw
*default*        0x00000000         0xffffffff

Linker script and memory map

                0x20020000                _eram = 0x20020000

.text           0x08000000     0x743c
 *(.isr_vector)
 .isr_vector    0x08000000      0x188 ..\obj\startup_stm32f4xx.o
                0x08000000                g_pfnVectors
 *(.text*)
 .text.Init_Leds
                0x08000188       0x60 ..\obj\led_driver.o
                0x08000188                Init_Leds
 .text.LED_On   0x080001e8       0x7c ..\obj\led_driver.o
                0x080001e8                LED_On
 .text.LED_Off  0x08000264       0x7c ..\obj\led_driver.o
                0x08000264                LED_Off
 .text.LED_Toggle
                0x080002e0       0x7c ..\obj\led_driver.o
                0x080002e0                LED_Toggle
 .text.CoCreateKheap
                0x0800035c       0x44 ..\obj\kernelHeap.o
                0x0800035c                CoCreateKheap
 .text.OsSchedUnlock
                0x080003a0       0x4c ..\obj\core.o
                0x080003a0                OsSchedUnlock
 .text.CoInitOS
                0x080003ec       0x7c ..\obj\core.o
                0x080003ec                CoInitOS
 .text.CoStartOS
                0x08000468       0x38 ..\obj\core.o
                0x08000468                CoStartOS
 .text.InsertTmrList
                0x080004a0      0x1d0 ..\obj\timer.o
 .text.RemoveTmrList
                0x08000670       0xd4 ..\obj\timer.o
 .text.CoCreateTmr
                0x08000744      0x12c ..\obj\timer.o
                0x08000744                CoCreateTmr
 .text.CoStartTmr
                0x08000870       0x70 ..\obj\timer.o
                0x08000870                CoStartTmr
 .text.TmrDispose
                0x080008e0       0x78 ..\obj\timer.o
                0x080008e0                TmrDispose
 .text.isr_TmrDispose
                0x08000958       0x30 ..\obj\timer.o
                0x08000958                isr_TmrDispose
 .text.Init_Joy
                0x08000988       0x30 ..\obj\joy_driver.o
                0x08000988                Init_Joy
 .text.Read_Joy
                0x080009b8       0x74 ..\obj\joy_driver.o
                0x080009b8                Read_Joy
 .text.CreateLCDTask
                0x08000a2c       0x2c ..\obj\LCDTask.o
                0x08000a2c                CreateLCDTask
 .text.LCDManagerTask
                0x08000a58       0x90 ..\obj\LCDTask.o
                0x08000a58                LCDManagerTask
 .text.LCDHelloTask
                0x08000ae8      0x134 ..\obj\LCDTask.o
                0x08000ae8                LCDHelloTask
 .text.LCD_selectBuffer
                0x08000c1c       0x74 ..\obj\LCDTask.o
                0x08000c1c                LCD_selectBuffer
 .text.LCD_freeBuffer
                0x08000c90       0x44 ..\obj\LCDTask.o
                0x08000c90                LCD_freeBuffer
 .text.LCD_drawXYMesh
                0x08000cd4       0xbc ..\obj\LCDTask.o
                0x08000cd4                LCD_drawXYMesh
 .text.LCD_drawHistogramColumns
                0x08000d90       0x34 ..\obj\LCDTask.o
                0x08000d90                LCD_drawHistogramColumns
 .text.AER_clearNumEventsChannelBuffer
                0x08000dc4       0x3c ..\obj\LCDTask.o
                0x08000dc4                AER_clearNumEventsChannelBuffer
 .text.LCDHistogramTask
                0x08000e00      0x18c ..\obj\LCDTask.o
                0x08000e00                LCDHistogramTask
 .text.LCDSonogramTask
                0x08000f8c       0x10 ..\obj\LCDTask.o
                0x08000f8c                LCDSonogramTask
 .text.CreateTCBList
                0x08000f9c       0x90 ..\obj\task.o
                0x08000f9c                CreateTCBList
 .text.GetPriSeqNum
                0x0800102c       0x80 ..\obj\task.o
 .text.GetRdyPriSeqNum
                0x080010ac      0x120 ..\obj\task.o
 .text.PrioRemap
                0x080011cc       0xd4 ..\obj\task.o
 .text.GetPrioSeqNumStatus
                0x080012a0       0x40 ..\obj\task.o
 .text.SetPrioSeqNumStatus
                0x080012e0       0x68 ..\obj\task.o
 .text.ActiveTaskPri
                0x08001348       0xb8 ..\obj\task.o
                0x08001348                ActiveTaskPri
 .text.DeleteTaskPri
                0x08001400       0xa0 ..\obj\task.o
                0x08001400                DeleteTaskPri
 .text.InsertToTCBRdyList
                0x080014a0      0x154 ..\obj\task.o
                0x080014a0                InsertToTCBRdyList
 .text.RemoveFromTCBRdyList
                0x080015f4      0x130 ..\obj\task.o
                0x080015f4                RemoveFromTCBRdyList
 .text.CoSetPriority
                0x08001724      0x1d0 ..\obj\task.o
                0x08001724                CoSetPriority
 .text.Schedule
                0x080018f4      0x140 ..\obj\task.o
                0x080018f4                Schedule
 .text.AssignTCB
                0x08001a34       0x4c ..\obj\task.o
 .text.CreateTask
                0x08001a80      0x124 ..\obj\task.o
                0x08001a80                CreateTask
 .text.CoDelTask
                0x08001ba4      0x120 ..\obj\task.o
                0x08001ba4                CoDelTask
 .text.Default_Reset_Handler
                0x08001cc4       0x68 ..\obj\startup_stm32f4xx.o
                0x08001cc4                Default_Reset_Handler
                0x08001cc4                Reset_Handler
 .text.Default_Handler
                0x08001d2c        0x8 ..\obj\startup_stm32f4xx.o
                0x08001d2c                RTC_Alarm_IRQHandler
                0x08001d2c                HASH_RNG_IRQHandler
                0x08001d2c                EXTI2_IRQHandler
                0x08001d2c                TIM8_CC_IRQHandler
                0x08001d2c                DebugMon_Handler
                0x08001d2c                TIM1_CC_IRQHandler
                0x08001d2c                DMA2_Stream5_IRQHandler
                0x08001d2c                HardFault_Handler
                0x08001d2c                DMA1_Stream5_IRQHandler
                0x08001d2c                PVD_IRQHandler
                0x08001d2c                SDIO_IRQHandler
                0x08001d2c                TAMP_STAMP_IRQHandler
                0x08001d2c                NMI_Handler
                0x08001d2c                CAN2_RX1_IRQHandler
                0x08001d2c                EXTI3_IRQHandler
                0x08001d2c                TIM8_TRG_COM_TIM14_IRQHandler
                0x08001d2c                TIM1_UP_TIM10_IRQHandler
                0x08001d2c                TIM8_UP_TIM13_IRQHandler
                0x08001d2c                I2C3_ER_IRQHandler
                0x08001d2c                EXTI0_IRQHandler
                0x08001d2c                I2C2_EV_IRQHandler
                0x08001d2c                DMA1_Stream2_IRQHandler
                0x08001d2c                CAN1_RX0_IRQHandler
                0x08001d2c                FPU_IRQHandler
                0x08001d2c                OTG_HS_WKUP_IRQHandler
                0x08001d2c                UsageFault_Handler
                0x08001d2c                CAN2_SCE_IRQHandler
                0x08001d2c                DMA2_Stream2_IRQHandler
                0x08001d2c                SPI1_IRQHandler
                0x08001d2c                TIM6_DAC_IRQHandler
                0x08001d2c                TIM1_BRK_TIM9_IRQHandler
                0x08001d2c                DCMI_IRQHandler
                0x08001d2c                CAN2_RX0_IRQHandler
                0x08001d2c                DMA2_Stream3_IRQHandler
                0x08001d2c                USART6_IRQHandler
                0x08001d2c                USART3_IRQHandler
                0x08001d2c                CRYP_IRQHandler
                0x08001d2c                CAN1_RX1_IRQHandler
                0x08001d2c                UART5_IRQHandler
                0x08001d2c                DMA2_Stream0_IRQHandler
                0x08001d2c                TIM4_IRQHandler
                0x08001d2c                I2C1_EV_IRQHandler
                0x08001d2c                DMA1_Stream6_IRQHandler
                0x08001d2c                DMA1_Stream1_IRQHandler
                0x08001d2c                UART4_IRQHandler
                0x08001d2c                TIM3_IRQHandler
                0x08001d2c                RCC_IRQHandler
                0x08001d2c                TIM8_BRK_TIM12_IRQHandler
                0x08001d2c                EXTI15_10_IRQHandler
                0x08001d2c                ADC_IRQHandler
                0x08001d2c                DMA1_Stream7_IRQHandler
                0x08001d2c                TIM7_IRQHandler
                0x08001d2c                CAN2_TX_IRQHandler
                0x08001d2c                TIM5_IRQHandler
                0x08001d2c                DMA2_Stream7_IRQHandler
                0x08001d2c                I2C3_EV_IRQHandler
                0x08001d2c                EXTI9_5_IRQHandler
                0x08001d2c                RTC_WKUP_IRQHandler
                0x08001d2c                ETH_WKUP_IRQHandler
                0x08001d2c                SPI2_IRQHandler
                0x08001d2c                OTG_HS_EP1_IN_IRQHandler
                0x08001d2c                MemManage_Handler
                0x08001d2c                DMA1_Stream0_IRQHandler
                0x08001d2c                CAN1_TX_IRQHandler
                0x08001d2c                SVC_Handler
                0x08001d2c                EXTI4_IRQHandler
                0x08001d2c                FSMC_IRQHandler
                0x08001d2c                ETH_IRQHandler
                0x08001d2c                OTG_HS_EP1_OUT_IRQHandler
                0x08001d2c                WWDG_IRQHandler
                0x08001d2c                TIM2_IRQHandler
                0x08001d2c                OTG_FS_WKUP_IRQHandler
                0x08001d2c                TIM1_TRG_COM_TIM11_IRQHandler
                0x08001d2c                OTG_HS_IRQHandler
                0x08001d2c                EXTI1_IRQHandler
                0x08001d2c                USART2_IRQHandler
                0x08001d2c                I2C2_ER_IRQHandler
                0x08001d2c                DMA2_Stream1_IRQHandler
                0x08001d2c                CAN1_SCE_IRQHandler
                0x08001d2c                FLASH_IRQHandler
                0x08001d2c                DMA2_Stream4_IRQHandler
                0x08001d2c                BusFault_Handler
                0x08001d2c                USART1_IRQHandler
                0x08001d2c                OTG_FS_IRQHandler
                0x08001d2c                SPI3_IRQHandler
                0x08001d2c                DMA1_Stream4_IRQHandler
                0x08001d2c                I2C1_ER_IRQHandler
                0x08001d2c                DMA2_Stream6_IRQHandler
                0x08001d2c                DMA1_Stream3_IRQHandler
 .text.RespondSRQ
                0x08001d34      0x100 ..\obj\serviceReq.o
                0x08001d34                RespondSRQ
 .text.Init_AnalogJoy
                0x08001e34      0x120 ..\obj\analogJoy_driver.o
                0x08001e34                Init_AnalogJoy
 .text.CreateSystemObjetcs
                0x08001f54        0xc ..\obj\main.o
                0x08001f54                CreateSystemObjetcs
 .text.CreateUserTasks
                0x08001f60       0x18 ..\obj\main.o
                0x08001f60                CreateUserTasks
 .text.main     0x08001f78       0x1c ..\obj\main.o
                0x08001f78                main
 .text.RCC_AHB1PeriphClockCmd
                0x08001f94       0x3c ..\obj\stm32f4xx_rcc.o
                0x08001f94                RCC_AHB1PeriphClockCmd
 .text.RCC_AHB3PeriphClockCmd
                0x08001fd0       0x3c ..\obj\stm32f4xx_rcc.o
                0x08001fd0                RCC_AHB3PeriphClockCmd
 .text.RCC_APB1PeriphClockCmd
                0x0800200c       0x3c ..\obj\stm32f4xx_rcc.o
                0x0800200c                RCC_APB1PeriphClockCmd
 .text.RCC_APB2PeriphClockCmd
                0x08002048       0x3c ..\obj\stm32f4xx_rcc.o
                0x08002048                RCC_APB2PeriphClockCmd
 .text.ADC_Init
                0x08002084       0xa8 ..\obj\stm32f4xx_adc.o
                0x08002084                ADC_Init
 .text.ADC_CommonInit
                0x0800212c       0x50 ..\obj\stm32f4xx_adc.o
                0x0800212c                ADC_CommonInit
 .text.ADC_Cmd  0x0800217c       0x38 ..\obj\stm32f4xx_adc.o
                0x0800217c                ADC_Cmd
 .text.ADC_RegularChannelConfig
                0x080021b4      0x194 ..\obj\stm32f4xx_adc.o
                0x080021b4                ADC_RegularChannelConfig
 .text.ADC_SoftwareStartConv
                0x08002348       0x20 ..\obj\stm32f4xx_adc.o
                0x08002348                ADC_SoftwareStartConv
 .text.ADC_DMACmd
                0x08002368       0x38 ..\obj\stm32f4xx_adc.o
                0x08002368                ADC_DMACmd
 .text.ADC_DMARequestAfterLastTransferCmd
                0x080023a0       0x38 ..\obj\stm32f4xx_adc.o
                0x080023a0                ADC_DMARequestAfterLastTransferCmd
 .text.GetASCIICode
                0x080023d8       0x34 ..\obj\AsciiLib.o
                0x080023d8                GetASCIICode
 .text.CoPostMail
                0x0800240c       0x74 ..\obj\mbox.o
                0x0800240c                CoPostMail
 .text.LCD_CtrlLinesConfig
                0x08002480      0x144 ..\obj\LCD.o
 .text.LCD_FSMCConfig
                0x080025c4       0x78 ..\obj\LCD.o
 .text.LCD_Configuration
                0x0800263c       0x28 ..\obj\LCD.o
 .text.delay_ms
                0x08002664       0x40 ..\obj\LCD.o
                0x08002664                delay_ms
 .text.LCD_Initialization
                0x080026a4     0x1780 ..\obj\LCD.o
                0x080026a4                LCD_Initialization
 .text.LCD_Clear
                0x08003e24       0x94 ..\obj\LCD.o
                0x08003e24                LCD_Clear
 .text.LCD_SetCursor
                0x08003eb8       0xc8 ..\obj\LCD.o
                0x08003eb8                LCD_SetCursor
 .text.LCD_SetPoint
                0x08003f80       0x40 ..\obj\LCD.o
                0x08003f80                LCD_SetPoint
 .text.LCD_DrawLine
                0x08003fc0      0x17c ..\obj\LCD.o
                0x08003fc0                LCD_DrawLine
 .text.LCD_DrawRectangle
                0x0800413c       0xc4 ..\obj\LCD.o
                0x0800413c                LCD_DrawRectangle
 .text.LCD_FillRectangle
                0x08004200       0x6c ..\obj\LCD.o
                0x08004200                LCD_FillRectangle
 .text.LCD_PutChar
                0x0800426c       0xb4 ..\obj\LCD.o
                0x0800426c                LCD_PutChar
 .text.LCD_PrintText
                0x08004320       0x6c ..\obj\LCD.o
                0x08004320                LCD_PrintText
 .text.LCD_WriteIndex
                0x0800438c       0x1c ..\obj\LCD.o
                0x0800438c                LCD_WriteIndex
 .text.LCD_WriteData
                0x080043a8       0x20 ..\obj\LCD.o
                0x080043a8                LCD_WriteData
 .text.LCD_ReadData
                0x080043c8       0x18 ..\obj\LCD.o
                0x080043c8                LCD_ReadData
 .text.LCD_WriteReg
                0x080043e0       0x28 ..\obj\LCD.o
                0x080043e0                LCD_WriteReg
 .text.LCD_ReadReg
                0x08004408       0x20 ..\obj\LCD.o
                0x08004408                LCD_ReadReg
 .text.FSMC_NORSRAMInit
                0x08004428      0x134 ..\obj\stm32f4xx_fsmc.o
                0x08004428                FSMC_NORSRAMInit
 .text.FSMC_NORSRAMCmd
                0x0800455c       0x54 ..\obj\stm32f4xx_fsmc.o
                0x0800455c                FSMC_NORSRAMCmd
 .text.CreateLedTask
                0x080045b0       0x64 ..\obj\LedTask.o
                0x080045b0                CreateLedTask
 .text.LedTask0
                0x08004614       0x44 ..\obj\LedTask.o
                0x08004614                LedTask0
 .text.LedTask1
                0x08004658       0x78 ..\obj\LedTask.o
                0x08004658                LedTask1
 .text.LedTask2
                0x080046d0       0x8c ..\obj\LedTask.o
                0x080046d0                LedTask2
 .text.LedTask3
                0x0800475c       0x60 ..\obj\LedTask.o
                0x0800475c                LedTask3
 .text.waitForKey
                0x080047bc       0x2c ..\obj\JoyTmr.o
                0x080047bc                waitForKey
 .text.CreateJoyFlags
                0x080047e8       0x34 ..\obj\JoyTmr.o
                0x080047e8                CreateJoyFlags
 .text.CreateJoyTask
                0x0800481c       0x2c ..\obj\JoyTmr.o
                0x0800481c                CreateJoyTask
 .text.JoyTimer
                0x08004848       0x40 ..\obj\JoyTmr.o
                0x08004848                JoyTimer
 .text.InsertDelayList
                0x08004888       0xf0 ..\obj\time.o
                0x08004888                InsertDelayList
 .text.RemoveDelayList
                0x08004978       0xb4 ..\obj\time.o
                0x08004978                RemoveDelayList
 .text.CoTickDelay
                0x08004a2c       0x70 ..\obj\time.o
                0x08004a2c                CoTickDelay
 .text.CoTimeDelay
                0x08004a9c       0xb0 ..\obj\time.o
                0x08004a9c                CoTimeDelay
 .text.TimeDispose
                0x08004b4c       0x74 ..\obj\time.o
                0x08004b4c                TimeDispose
 .text.isr_TimeDispose
                0x08004bc0       0x30 ..\obj\time.o
                0x08004bc0                isr_TimeDispose
 .text.CreateEventList
                0x08004bf0       0x78 ..\obj\event.o
                0x08004bf0                CreateEventList
 .text.CreatEvent
                0x08004c68       0x84 ..\obj\event.o
                0x08004c68                CreatEvent
 .text.EventTaskToWait
                0x08004cec      0x100 ..\obj\event.o
                0x08004cec                EventTaskToWait
 .text.EventTaskToRdy
                0x08004dec      0x10c ..\obj\event.o
                0x08004dec                EventTaskToRdy
 .text.RemoveEventWaittingList
                0x08004ef8       0x98 ..\obj\event.o
                0x08004ef8                RemoveEventWaittingList
 .text.GPIO_Init
                0x08004f90      0x11c ..\obj\stm32f4xx_gpio.o
                0x08004f90                GPIO_Init
 .text.GPIO_ReadInputDataBit
                0x080050ac       0x34 ..\obj\stm32f4xx_gpio.o
                0x080050ac                GPIO_ReadInputDataBit
 .text.GPIO_ReadInputData
                0x080050e0       0x1c ..\obj\stm32f4xx_gpio.o
                0x080050e0                GPIO_ReadInputData
 .text.GPIO_SetBits
                0x080050fc       0x1c ..\obj\stm32f4xx_gpio.o
                0x080050fc                GPIO_SetBits
 .text.GPIO_ResetBits
                0x08005118       0x1c ..\obj\stm32f4xx_gpio.o
                0x08005118                GPIO_ResetBits
 .text.GPIO_ToggleBits
                0x08005134       0x24 ..\obj\stm32f4xx_gpio.o
                0x08005134                GPIO_ToggleBits
 .text.GPIO_PinAFConfig
                0x08005158       0x90 ..\obj\stm32f4xx_gpio.o
                0x08005158                GPIO_PinAFConfig
 .text.SystemInit
                0x080051e8       0x68 ..\obj\system_stm32f4xx.o
                0x080051e8                SystemInit
 .text.SetSysClock
                0x08005250       0xa4 ..\obj\system_stm32f4xx.o
 .text.DMA_Init
                0x080052f4       0xac ..\obj\stm32f4xx_dma.o
                0x080052f4                DMA_Init
 .text.DMA_Cmd  0x080053a0       0x38 ..\obj\stm32f4xx_dma.o
                0x080053a0                DMA_Cmd
 .text.Init_AERbus
                0x080053d8       0x30 ..\obj\AERdriver.o
                0x080053d8                Init_AERbus
 .text.Init_AERprot
                0x08005408       0x50 ..\obj\AERdriver.o
                0x08005408                Init_AERprot
 .text.Init_AERtimestamp
                0x08005458       0x44 ..\obj\AERdriver.o
                0x08005458                Init_AERtimestamp
 .text.Init_AER
                0x0800549c       0x14 ..\obj\AERdriver.o
                0x0800549c                Init_AER
 .text.AER_getRequest
                0x080054b0       0x18 ..\obj\AERdriver.o
                0x080054b0                AER_getRequest
 .text.AER_upACK
                0x080054c8       0x14 ..\obj\AERdriver.o
                0x080054c8                AER_upACK
 .text.AER_downACK
                0x080054dc       0x14 ..\obj\AERdriver.o
                0x080054dc                AER_downACK
 .text.AER_readBus
                0x080054f0       0x28 ..\obj\AERdriver.o
                0x080054f0                AER_readBus
 .text.AER_AddToBuff
                0x08005518       0x44 ..\obj\AERdriver.o
                0x08005518                AER_AddToBuff
 .text.AER_getTimeStamp
                0x0800555c       0x14 ..\obj\AERdriver.o
                0x0800555c                AER_getTimeStamp
 .text.CoPostQueueMail
                0x08005570       0xac ..\obj\queue.o
                0x08005570                CoPostQueueMail
 .text.IRQ_ENABLE_RESTORE
                0x0800561c       0x10 ..\obj\port.o
                0x0800561c                IRQ_ENABLE_RESTORE
 .text.IRQ_DISABLE_SAVE
                0x0800562c       0x10 ..\obj\port.o
                0x0800562c                IRQ_DISABLE_SAVE
 .text.SetEnvironment
                0x0800563c        0xc ..\obj\port.o
                0x0800563c                SetEnvironment
 .text.SwitchContext
                0x08005648       0x14 ..\obj\port.o
                0x08005648                SwitchContext
 .text.PendSV_Handler
                0x0800565c       0x3c ..\obj\port.o
                0x0800565c                PendSV_Handler
 .text.CoLeaveMutexSection
                0x08005698      0x14c ..\obj\mutex.o
                0x08005698                CoLeaveMutexSection
 .text.RemoveMutexList
                0x080057e4       0xf0 ..\obj\mutex.o
                0x080057e4                RemoveMutexList
 .text.CoCreateFlag
                0x080058d4       0x98 ..\obj\flag.o
                0x080058d4                CoCreateFlag
 .text.CoWaitForSingleFlag
                0x0800596c      0x178 ..\obj\flag.o
                0x0800596c                CoWaitForSingleFlag
 .text.CoSetFlag
                0x08005ae4       0xf4 ..\obj\flag.o
                0x08005ae4                CoSetFlag
 .text.FlagBlock
                0x08005bd8       0x78 ..\obj\flag.o
 .text.RemoveFromLink
                0x08005c50       0x54 ..\obj\flag.o
 .text.RemoveLinkNode
                0x08005ca4       0x84 ..\obj\flag.o
                0x08005ca4                RemoveLinkNode
 .text.InitTaskContext
                0x08005d28       0x50 ..\obj\arch.o
                0x08005d28                InitTaskContext
 .text.SysTick_Handler
                0x08005d78       0x98 ..\obj\arch.o
                0x08005d78                SysTick_Handler
 .text.CoCreateSem
                0x08005e10       0x60 ..\obj\sem.o
                0x08005e10                CoCreateSem
 .text.CoPendSem
                0x08005e70       0xe8 ..\obj\sem.o
                0x08005e70                CoPendSem
 .text.CoPostSem
                0x08005f58       0x78 ..\obj\sem.o
                0x08005f58                CoPostSem
 .text.CreateAER_OSRsrc
                0x08005fd0       0x48 ..\obj\AERTask.o
                0x08005fd0                CreateAER_OSRsrc
 .text.CreateAERTask
                0x08006018       0x2c ..\obj\AERTask.o
                0x08006018                CreateAERTask
 .text.AER_selectBuffer
                0x08006044       0x74 ..\obj\AERTask.o
                0x08006044                AER_selectBuffer
 .text.AER_freeBuffer
                0x080060b8       0x44 ..\obj\AERTask.o
                0x080060b8                AER_freeBuffer
 .text.AER_RxTask
                0x080060fc       0xdc ..\obj\AERTask.o
                0x080060fc                AER_RxTask
 .text.CoIdleTask
                0x080061d8        0xc ..\obj\hook.o
                0x080061d8                CoIdleTask
 .text.CoStkOverflowHook
                0x080061e4        0xc ..\obj\hook.o
                0x080061e4                CoStkOverflowHook
 .text.TIM_TimeBaseInit
                0x080061f0       0xd4 ..\obj\stm32f4xx_tim.o
                0x080061f0                TIM_TimeBaseInit
 .text.TIM_GetCounter
                0x080062c4       0x18 ..\obj\stm32f4xx_tim.o
                0x080062c4                TIM_GetCounter
 .text.TIM_Cmd  0x080062dc       0x40 ..\obj\stm32f4xx_tim.o
                0x080062dc                TIM_Cmd
 .text          0x0800631c      0x370 c:/program files (x86)/gnu tools arm embedded/4.9 2015q3/bin/../lib/gcc/arm-none-eabi/4.9.3/armv7e-m/softfp\libgcc.a(_arm_addsubdf3.o)
                0x0800631c                __aeabi_drsub
                0x08006324                __aeabi_dsub
                0x08006324                __subdf3
                0x08006328                __aeabi_dadd
                0x08006328                __adddf3
                0x080065a0                __floatunsidf
                0x080065a0                __aeabi_ui2d
                0x080065c0                __floatsidf
                0x080065c0                __aeabi_i2d
                0x080065e4                __aeabi_f2d
                0x080065e4                __extendsfdf2
                0x08006620                __floatundidf
                0x08006620                __aeabi_ul2d
                0x08006630                __floatdidf
                0x08006630                __aeabi_l2d
 .text          0x0800668c      0x424 c:/program files (x86)/gnu tools arm embedded/4.9 2015q3/bin/../lib/gcc/arm-none-eabi/4.9.3/armv7e-m/softfp\libgcc.a(_arm_muldivdf3.o)
                0x0800668c                __aeabi_dmul
                0x0800668c                __muldf3
                0x080068e0                __divdf3
                0x080068e0                __aeabi_ddiv
 .text          0x08006ab0       0x40 c:/program files (x86)/gnu tools arm embedded/4.9 2015q3/bin/../lib/gcc/arm-none-eabi/4.9.3/armv7e-m/softfp\libgcc.a(_arm_fixunsdfsi.o)
                0x08006ab0                __aeabi_d2uiz
                0x08006ab0                __fixunsdfsi
 .text          0x08006af0      0x134 c:/program files (x86)/gnu tools arm embedded/4.9 2015q3/bin/../lib/gcc/arm-none-eabi/4.9.3/../../../../arm-none-eabi/lib/armv7e-m/softfp\libc.a(lib_a-memcpy.o)
                0x08006af0                memcpy
 *(.init)
 *(.fini)
 *crtbegin.o(.ctors)
 *crtbegin?.o(.ctors)
 *(EXCLUDE_FILE(*crtend.o *crtend?.o) .ctors)
 *(SORT(.ctors.*))
 *(.ctors)
 *crtbegin.o(.dtors)
 *crtbegin?.o(.dtors)
 *(EXCLUDE_FILE(*crtend.o *crtend?.o) .dtors)
 *(SORT(.dtors.*))
 *(.dtors)
 *(.rodata*)
 .rodata        0x08006c24      0x228 ..\obj\LCDTask.o
 .rodata        0x08006e4c      0x5f0 ..\obj\AsciiLib.o
 *(.eh_fram e*)

.glue_7         0x0800743c        0x0
 .glue_7        0x00000000        0x0 linker stubs

.glue_7t        0x0800743c        0x0
 .glue_7t       0x00000000        0x0 linker stubs

.vfp11_veneer   0x0800743c        0x0
 .vfp11_veneer  0x00000000        0x0 linker stubs

.v4_bx          0x0800743c        0x0
 .v4_bx         0x00000000        0x0 linker stubs

.iplt           0x0800743c        0x0
 .iplt          0x00000000        0x0 ..\obj\led_driver.o

.rel.dyn        0x0800743c        0x0
 .rel.iplt      0x00000000        0x0 ..\obj\led_driver.o

.ARM.extab
 *(.ARM.extab* .gnu.linkonce.armextab.*)
                0x0800743c                __exidx_start = .

.ARM.exidx
 *(.ARM.exidx* .gnu.linkonce.armexidx.*)
                0x0800743c                __exidx_end = .
                0x0800743c                __etext = .
                0x0800743c                _sidata = __etext

.data           0x20000000       0x10 load address 0x0800743c
                0x20000000                __data_start__ = .
                0x20000000                _sdata = __data_start__
 *(vtable)
 *(.data*)
 .data          0x20000000        0x1 ..\obj\LCDTask.o
                0x20000000                isFirstTime
 *fill*         0x20000001        0x3 
 .data          0x20000004        0xc ..\obj\port.o
                0x20000004                NVIC_INT_CTRL
                0x20000008                NVIC_PENDSVSET
                0x2000000c                INT_EXIT
                0x20000010                . = ALIGN (0x4)
                0x20000010                PROVIDE (__preinit_array_start, .)
 *(.preinit_array)
                0x20000010                PROVIDE (__preinit_array_end, .)
                0x20000010                . = ALIGN (0x4)
                0x20000010                PROVIDE (__init_array_start, .)
 *(SORT(.init_array.*))
 *(.init_array)
                0x20000010                PROVIDE (__init_array_end, .)
                0x20000010                . = ALIGN (0x4)
                0x20000010                PROVIDE (__fini_array_start, .)
 *(SORT(.fini_array.*))
 *(.fini_array)
                0x20000010                PROVIDE (__fini_array_end, .)
 *(.jcr*)
                0x20000010                . = ALIGN (0x4)
                0x20000010                __data_end__ = .
                0x20000010                _edata = __data_end__

.igot.plt       0x20000010        0x0 load address 0x0800744c
 .igot.plt      0x00000000        0x0 ..\obj\led_driver.o

.bss            0x20000010     0x3e70 load address 0x08007450
                0x20000010                . = ALIGN (0x4)
                0x20000010                __bss_start__ = .
                0x20000010                _sbss = __bss_start__
 *(.bss*)
 .bss           0x20000010       0xd4 ..\obj\kernelHeap.o
                0x20000010                KernelHeap
                0x200000d8                FMBlist
                0x200000dc                Kheap
 .bss           0x200000e4        0x3 ..\obj\core.o
                0x200000e4                OSIntNesting
                0x200000e5                OSSchedLock
                0x200000e6                TaskSchedReq
 *fill*         0x200000e7        0x1 
 .bss           0x200000e8       0x38 ..\obj\timer.o
                0x200000e8                TmrTbl
                0x20000118                TmrList
                0x2000011c                TmrIDVessel
 .bss           0x20000120        0x5 ..\obj\LCDTask.o
                0x20000120                LCD_current_rxBuff
                0x20000121                LCD_has_rxBuff
                0x20000122                LCD_isBusy
                0x20000123                blink
                0x20000124                AERdatBuff_index
 *fill*         0x20000125        0x3 
 .bss           0x20000128      0x419 ..\obj\task.o
                0x20000128                TCBTbl
                0x20000414                idle_stk
                0x20000514                FreeTCB
                0x20000518                TCBRdy
                0x2000051c                TCBNext
                0x20000520                TCBRunning
                0x20000528                OSCheckTime
                0x20000530                RdyTaskPri
 *fill*         0x20000541        0x3 
 .bss           0x20000544       0x2f ..\obj\serviceReq.o
                0x20000544                ServiceReq
                0x20000570                IsrReq
                0x20000571                TimeReq
                0x20000572                TimerReq
 .bss           0x20000573        0x1 ..\obj\LCD.o
 .bss           0x20000574        0x4 ..\obj\time.o
                0x20000574                DlyList
 .bss           0x20000578      0x144 ..\obj\event.o
                0x20000578                EventTbl
                0x200006b8                FreeEventList
 .bss           0x200006bc       0x54 ..\obj\mutex.o
                0x200006bc                MutexFreeID
                0x200006c0                MutexTbl
 .bss           0x20000710       0x14 ..\obj\flag.o
                0x20000710                FlagCrl
 *fill*         0x20000724        0x4 
 .bss           0x20000728        0x8 ..\obj\arch.o
                0x20000728                OSTickCnt
 .bss           0x20000730        0x4 ..\obj\AERTask.o
                0x20000730                current_rxBuff
                0x20000731                has_rxBuff
                0x20000732                AERdat_timeStamp_ref
 *(COMMON)
 COMMON         0x20000734     0x2100 ..\obj\LCDTask.o
                0x20000734                LCD_stk
                0x20002734                AERdatBuff
 COMMON         0x20002834       0x2d ..\obj\task.o
                0x20002834                PriNum
                0x20002838                TaskNumPerPri
                0x2000284c                RdyTaskPriInfo
                0x20002850                ActivePri
 *fill*         0x20002861        0x3 
 COMMON         0x20002864        0x4 ..\obj\analogJoy_driver.o
                0x20002864                ADC_ConvertedValue
 COMMON         0x20002868        0x4 ..\obj\LCD.o
                0x20002868                i
                0x2000286a                DeviceCode
 COMMON         0x2000286c      0x400 ..\obj\LedTask.o
                0x2000286c                led_stk
 COMMON         0x20002c6c        0x9 ..\obj\JoyTmr.o
                0x20002c6c                lastjoyKey
                0x20002c70                keyFlag
 *fill*         0x20002c75        0x3 
 COMMON         0x20002c78     0x1208 ..\obj\AERTask.o
                0x20002c78                semAERRxBuff2
                0x20002c7c                AERdat_rxBuff2
                0x20002d7c                aer_stk
                0x20003d7c                semAERRxBuff1
                0x20003d7d                flagRxAERBuff_Ready
                0x20003d80                AERdat_rxBuff1
                0x20003e80                . = ALIGN (0x4)
                0x20003e80                __bss_end__ = .
                0x20003e80                _ebss = __bss_end__

.heap           0x20003e80        0x0
                0x20003e80                __end__ = .
                0x20003e80                _end = __end__
                0x20003e80                end = __end__
 *(.heap*)
                0x20003e80                __HeapLimit = .

.co_stack       0x20003e80      0x800 load address 0x0800b2c0
                0x20003e80                . = ALIGN (0x8)
 *(.co_stack .co_stack.*)
 .co_stack      0x20003e80      0x800 ..\obj\startup_stm32f4xx.o
                0x20003e80                pulStack
                0x20020000                __StackTop = (ORIGIN (ram) + 0x20000)
                0x2001f800                __StackLimit = (__StackTop - SIZEOF (.co_stack))
                0x20020000                PROVIDE (__stack, __StackTop)
                0x00000001                ASSERT ((__StackLimit >= __HeapLimit), region ram  overflowed with stack)
LOAD ..\obj\led_driver.o
LOAD ..\obj\kernelHeap.o
LOAD ..\obj\core.o
LOAD ..\obj\timer.o
LOAD ..\obj\utility.o
LOAD ..\obj\stm32f4xx_usart.o
LOAD ..\obj\joy_driver.o
LOAD ..\obj\LCDTask.o
LOAD ..\obj\task.o
LOAD ..\obj\startup_stm32f4xx.o
LOAD ..\obj\serviceReq.o
LOAD ..\obj\analogJoy_driver.o
LOAD ..\obj\main.o
LOAD ..\obj\stm32f4xx_rcc.o
LOAD ..\obj\stm32f4xx_adc.o
LOAD ..\obj\AsciiLib.o
LOAD ..\obj\printf.o
LOAD ..\obj\mbox.o
LOAD ..\obj\mm.o
LOAD ..\obj\LCD.o
LOAD ..\obj\stm32f4xx_fsmc.o
LOAD ..\obj\LedTask.o
LOAD ..\obj\JoyTmr.o
LOAD ..\obj\time.o
LOAD ..\obj\event.o
LOAD ..\obj\stm32f4xx_gpio.o
LOAD ..\obj\stm32f4xx_flash.o
LOAD ..\obj\system_stm32f4xx.o
LOAD ..\obj\syscalls.o
LOAD ..\obj\stm32f4xx_dma.o
LOAD ..\obj\AERdriver.o
LOAD ..\obj\queue.o
LOAD ..\obj\port.o
LOAD ..\obj\mutex.o
LOAD ..\obj\flag.o
LOAD ..\obj\arch.o
LOAD ..\obj\misc.o
LOAD ..\obj\sem.o
LOAD ..\obj\AERTask.o
LOAD ..\obj\hook.o
LOAD ..\obj\stm32f4xx_tim.o
LOAD c:/program files (x86)/gnu tools arm embedded/4.9 2015q3/bin/../lib/gcc/arm-none-eabi/4.9.3/../../../../arm-none-eabi/lib/armv7e-m/softfp\libm.a
LOAD c:/program files (x86)/gnu tools arm embedded/4.9 2015q3/bin/../lib/gcc/arm-none-eabi/4.9.3/armv7e-m/softfp\libgcc.a
LOAD c:/program files (x86)/gnu tools arm embedded/4.9 2015q3/bin/../lib/gcc/arm-none-eabi/4.9.3/../../../../arm-none-eabi/lib/armv7e-m/softfp\libc.a
LOAD c:/program files (x86)/gnu tools arm embedded/4.9 2015q3/bin/../lib/gcc/arm-none-eabi/4.9.3/../../../../arm-none-eabi/lib/armv7e-m/softfp\libnosys.a
START GROUP
LOAD c:/program files (x86)/gnu tools arm embedded/4.9 2015q3/bin/../lib/gcc/arm-none-eabi/4.9.3/armv7e-m/softfp\libgcc.a
LOAD c:/program files (x86)/gnu tools arm embedded/4.9 2015q3/bin/../lib/gcc/arm-none-eabi/4.9.3/../../../../arm-none-eabi/lib/armv7e-m/softfp\libg.a
LOAD c:/program files (x86)/gnu tools arm embedded/4.9 2015q3/bin/../lib/gcc/arm-none-eabi/4.9.3/../../../../arm-none-eabi/lib/armv7e-m/softfp\libc.a
END GROUP
OUTPUT(STM32_CoOs.elf elf32-littlearm)

.debug_info     0x00000000     0xb7a6
 .debug_info    0x00000000      0x323 ..\obj\led_driver.o
 .debug_info    0x00000323      0x2d3 ..\obj\kernelHeap.o
 .debug_info    0x000005f6      0x2c8 ..\obj\core.o
 .debug_info    0x000008be      0x3bd ..\obj\timer.o
 .debug_info    0x00000c7b      0x2df ..\obj\joy_driver.o
 .debug_info    0x00000f5a      0x50d ..\obj\LCDTask.o
 .debug_info    0x00001467      0x9bf ..\obj\task.o
 .debug_info    0x00001e26       0xed ..\obj\startup_stm32f4xx.o
 .debug_info    0x00001f13      0x1e5 ..\obj\serviceReq.o
 .debug_info    0x000020f8      0x633 ..\obj\analogJoy_driver.o
 .debug_info    0x0000272b       0xcd ..\obj\main.o
 .debug_info    0x000027f8      0xc4d ..\obj\stm32f4xx_rcc.o
 .debug_info    0x00003445      0xc38 ..\obj\stm32f4xx_adc.o
 .debug_info    0x0000407d       0xdd ..\obj\AsciiLib.o
 .debug_info    0x0000415a      0x40e ..\obj\mbox.o
 .debug_info    0x00004568      0xc13 ..\obj\LCD.o
 .debug_info    0x0000517b      0x8f5 ..\obj\stm32f4xx_fsmc.o
 .debug_info    0x00005a70      0x223 ..\obj\LedTask.o
 .debug_info    0x00005c93      0x1f6 ..\obj\JoyTmr.o
 .debug_info    0x00005e89      0x3d2 ..\obj\time.o
 .debug_info    0x0000625b      0x4a6 ..\obj\event.o
 .debug_info    0x00006701      0x602 ..\obj\stm32f4xx_gpio.o
 .debug_info    0x00006d03      0x559 ..\obj\system_stm32f4xx.o
 .debug_info    0x0000725c      0x739 ..\obj\stm32f4xx_dma.o
 .debug_info    0x00007995      0x620 ..\obj\AERdriver.o
 .debug_info    0x00007fb5      0x528 ..\obj\queue.o
 .debug_info    0x000084dd      0x197 ..\obj\port.o
 .debug_info    0x00008674      0x475 ..\obj\mutex.o
 .debug_info    0x00008ae9      0x639 ..\obj\flag.o
 .debug_info    0x00009122      0x2fe ..\obj\arch.o
 .debug_info    0x00009420      0x3ce ..\obj\sem.o
 .debug_info    0x000097ee      0x29b ..\obj\AERTask.o
 .debug_info    0x00009a89       0xbc ..\obj\hook.o
 .debug_info    0x00009b45     0x1c61 ..\obj\stm32f4xx_tim.o

.debug_abbrev   0x00000000     0x2c23
 .debug_abbrev  0x00000000      0x10e ..\obj\led_driver.o
 .debug_abbrev  0x0000010e      0x14f ..\obj\kernelHeap.o
 .debug_abbrev  0x0000025d       0xf5 ..\obj\core.o
 .debug_abbrev  0x00000352      0x194 ..\obj\timer.o
 .debug_abbrev  0x000004e6      0x12a ..\obj\joy_driver.o
 .debug_abbrev  0x00000610      0x199 ..\obj\LCDTask.o
 .debug_abbrev  0x000007a9      0x24c ..\obj\task.o
 .debug_abbrev  0x000009f5       0xb0 ..\obj\startup_stm32f4xx.o
 .debug_abbrev  0x00000aa5      0x114 ..\obj\serviceReq.o
 .debug_abbrev  0x00000bb9      0x14a ..\obj\analogJoy_driver.o
 .debug_abbrev  0x00000d03       0x7f ..\obj\main.o
 .debug_abbrev  0x00000d82      0x1e3 ..\obj\stm32f4xx_rcc.o
 .debug_abbrev  0x00000f65      0x196 ..\obj\stm32f4xx_adc.o
 .debug_abbrev  0x000010fb       0x82 ..\obj\AsciiLib.o
 .debug_abbrev  0x0000117d      0x15f ..\obj\mbox.o
 .debug_abbrev  0x000012dc      0x279 ..\obj\LCD.o
 .debug_abbrev  0x00001555      0x170 ..\obj\stm32f4xx_fsmc.o
 .debug_abbrev  0x000016c5       0xcb ..\obj\LedTask.o
 .debug_abbrev  0x00001790       0xf6 ..\obj\JoyTmr.o
 .debug_abbrev  0x00001886      0x194 ..\obj\time.o
 .debug_abbrev  0x00001a1a      0x1d4 ..\obj\event.o
 .debug_abbrev  0x00001bee      0x1a3 ..\obj\stm32f4xx_gpio.o
 .debug_abbrev  0x00001d91      0x115 ..\obj\system_stm32f4xx.o
 .debug_abbrev  0x00001ea6      0x155 ..\obj\stm32f4xx_dma.o
 .debug_abbrev  0x00001ffb      0x172 ..\obj\AERdriver.o
 .debug_abbrev  0x0000216d      0x17f ..\obj\queue.o
 .debug_abbrev  0x000022ec       0xe7 ..\obj\port.o
 .debug_abbrev  0x000023d3      0x15f ..\obj\mutex.o
 .debug_abbrev  0x00002532      0x1b1 ..\obj\flag.o
 .debug_abbrev  0x000026e3      0x111 ..\obj\arch.o
 .debug_abbrev  0x000027f4      0x141 ..\obj\sem.o
 .debug_abbrev  0x00002935       0xdd ..\obj\AERTask.o
 .debug_abbrev  0x00002a12       0x8a ..\obj\hook.o
 .debug_abbrev  0x00002a9c      0x187 ..\obj\stm32f4xx_tim.o

.debug_aranges  0x00000000      0xfd8
 .debug_aranges
                0x00000000       0x38 ..\obj\led_driver.o
 .debug_aranges
                0x00000038       0x38 ..\obj\kernelHeap.o
 .debug_aranges
                0x00000070       0x58 ..\obj\core.o
 .debug_aranges
                0x000000c8       0x68 ..\obj\timer.o
 .debug_aranges
                0x00000130       0x28 ..\obj\joy_driver.o
 .debug_aranges
                0x00000158       0x70 ..\obj\LCDTask.o
 .debug_aranges
                0x000001c8       0xb0 ..\obj\task.o
 .debug_aranges
                0x00000278       0x28 ..\obj\startup_stm32f4xx.o
 .debug_aranges
                0x000002a0       0x28 ..\obj\serviceReq.o
 .debug_aranges
                0x000002c8       0x28 ..\obj\analogJoy_driver.o
 .debug_aranges
                0x000002f0       0x30 ..\obj\main.o
 .debug_aranges
                0x00000320      0x178 ..\obj\stm32f4xx_rcc.o
 .debug_aranges
                0x00000498      0x148 ..\obj\stm32f4xx_adc.o
 .debug_aranges
                0x000005e0       0x20 ..\obj\AsciiLib.o
 .debug_aranges
                0x00000600       0x48 ..\obj\mbox.o
 .debug_aranges
                0x00000648       0xd0 ..\obj\LCD.o
 .debug_aranges
                0x00000718       0xb0 ..\obj\stm32f4xx_fsmc.o
 .debug_aranges
                0x000007c8       0x40 ..\obj\LedTask.o
 .debug_aranges
                0x00000808       0x40 ..\obj\JoyTmr.o
 .debug_aranges
                0x00000848       0x58 ..\obj\time.o
 .debug_aranges
                0x000008a0       0x50 ..\obj\event.o
 .debug_aranges
                0x000008f0       0x88 ..\obj\stm32f4xx_gpio.o
 .debug_aranges
                0x00000978       0x30 ..\obj\system_stm32f4xx.o
 .debug_aranges
                0x000009a8       0xb0 ..\obj\stm32f4xx_dma.o
 .debug_aranges
                0x00000a58       0x68 ..\obj\AERdriver.o
 .debug_aranges
                0x00000ac0       0x48 ..\obj\queue.o
 .debug_aranges
                0x00000b08       0x50 ..\obj\port.o
 .debug_aranges
                0x00000b58       0x38 ..\obj\mutex.o
 .debug_aranges
                0x00000b90       0x78 ..\obj\flag.o
 .debug_aranges
                0x00000c08       0x28 ..\obj\arch.o
 .debug_aranges
                0x00000c30       0x48 ..\obj\sem.o
 .debug_aranges
                0x00000c78       0x40 ..\obj\AERTask.o
 .debug_aranges
                0x00000cb8       0x28 ..\obj\hook.o
 .debug_aranges
                0x00000ce0      0x2f8 ..\obj\stm32f4xx_tim.o

.debug_ranges   0x00000000      0xdb8
 .debug_ranges  0x00000000       0x28 ..\obj\led_driver.o
 .debug_ranges  0x00000028       0x28 ..\obj\kernelHeap.o
 .debug_ranges  0x00000050       0x48 ..\obj\core.o
 .debug_ranges  0x00000098       0x58 ..\obj\timer.o
 .debug_ranges  0x000000f0       0x18 ..\obj\joy_driver.o
 .debug_ranges  0x00000108       0x60 ..\obj\LCDTask.o
 .debug_ranges  0x00000168       0xa0 ..\obj\task.o
 .debug_ranges  0x00000208       0x18 ..\obj\startup_stm32f4xx.o
 .debug_ranges  0x00000220       0x18 ..\obj\serviceReq.o
 .debug_ranges  0x00000238       0x18 ..\obj\analogJoy_driver.o
 .debug_ranges  0x00000250       0x20 ..\obj\main.o
 .debug_ranges  0x00000270      0x168 ..\obj\stm32f4xx_rcc.o
 .debug_ranges  0x000003d8      0x138 ..\obj\stm32f4xx_adc.o
 .debug_ranges  0x00000510       0x10 ..\obj\AsciiLib.o
 .debug_ranges  0x00000520       0x38 ..\obj\mbox.o
 .debug_ranges  0x00000558       0xc0 ..\obj\LCD.o
 .debug_ranges  0x00000618       0xa0 ..\obj\stm32f4xx_fsmc.o
 .debug_ranges  0x000006b8       0x30 ..\obj\LedTask.o
 .debug_ranges  0x000006e8       0x30 ..\obj\JoyTmr.o
 .debug_ranges  0x00000718       0x48 ..\obj\time.o
 .debug_ranges  0x00000760       0x40 ..\obj\event.o
 .debug_ranges  0x000007a0       0x78 ..\obj\stm32f4xx_gpio.o
 .debug_ranges  0x00000818       0x20 ..\obj\system_stm32f4xx.o
 .debug_ranges  0x00000838       0xa0 ..\obj\stm32f4xx_dma.o
 .debug_ranges  0x000008d8       0x58 ..\obj\AERdriver.o
 .debug_ranges  0x00000930       0x38 ..\obj\queue.o
 .debug_ranges  0x00000968       0x40 ..\obj\port.o
 .debug_ranges  0x000009a8       0x28 ..\obj\mutex.o
 .debug_ranges  0x000009d0       0x68 ..\obj\flag.o
 .debug_ranges  0x00000a38       0x18 ..\obj\arch.o
 .debug_ranges  0x00000a50       0x38 ..\obj\sem.o
 .debug_ranges  0x00000a88       0x30 ..\obj\AERTask.o
 .debug_ranges  0x00000ab8       0x18 ..\obj\hook.o
 .debug_ranges  0x00000ad0      0x2e8 ..\obj\stm32f4xx_tim.o

.debug_line     0x00000000     0x5b79
 .debug_line    0x00000000      0x283 ..\obj\led_driver.o
 .debug_line    0x00000283      0x197 ..\obj\kernelHeap.o
 .debug_line    0x0000041a      0x12e ..\obj\core.o
 .debug_line    0x00000548      0x1f9 ..\obj\timer.o
 .debug_line    0x00000741      0x23f ..\obj\joy_driver.o
 .debug_line    0x00000980      0x301 ..\obj\LCDTask.o
 .debug_line    0x00000c81      0x45f ..\obj\task.o
 .debug_line    0x000010e0       0xaa ..\obj\startup_stm32f4xx.o
 .debug_line    0x0000118a       0xd3 ..\obj\serviceReq.o
 .debug_line    0x0000125d      0x288 ..\obj\analogJoy_driver.o
 .debug_line    0x000014e5      0x1a4 ..\obj\main.o
 .debug_line    0x00001689      0x5d5 ..\obj\stm32f4xx_rcc.o
 .debug_line    0x00001c5e      0x586 ..\obj\stm32f4xx_adc.o
 .debug_line    0x000021e4       0x71 ..\obj\AsciiLib.o
 .debug_line    0x00002255      0x142 ..\obj\mbox.o
 .debug_line    0x00002397      0x81b ..\obj\LCD.o
 .debug_line    0x00002bb2      0x488 ..\obj\stm32f4xx_fsmc.o
 .debug_line    0x0000303a      0x2b7 ..\obj\LedTask.o
 .debug_line    0x000032f1      0x233 ..\obj\JoyTmr.o
 .debug_line    0x00003524      0x1ec ..\obj\time.o
 .debug_line    0x00003710      0x1b6 ..\obj\event.o
 .debug_line    0x000038c6      0x377 ..\obj\stm32f4xx_gpio.o
 .debug_line    0x00003c3d      0x1f5 ..\obj\system_stm32f4xx.o
 .debug_line    0x00003e32      0x410 ..\obj\stm32f4xx_dma.o
 .debug_line    0x00004242      0x2ef ..\obj\AERdriver.o
 .debug_line    0x00004531      0x189 ..\obj\queue.o
 .debug_line    0x000046ba      0x13a ..\obj\port.o
 .debug_line    0x000047f4      0x162 ..\obj\mutex.o
 .debug_line    0x00004956      0x26f ..\obj\flag.o
 .debug_line    0x00004bc5      0x106 ..\obj\arch.o
 .debug_line    0x00004ccb      0x13a ..\obj\sem.o
 .debug_line    0x00004e05      0x241 ..\obj\AERTask.o
 .debug_line    0x00005046       0x95 ..\obj\hook.o
 .debug_line    0x000050db      0xa9e ..\obj\stm32f4xx_tim.o

.debug_str      0x00000000     0x427a
 .debug_str     0x00000000      0x32f ..\obj\led_driver.o
                                0x385 (size before relaxing)
 .debug_str     0x0000032f      0x14c ..\obj\kernelHeap.o
                                0x265 (size before relaxing)
 .debug_str     0x0000047b      0x18f ..\obj\core.o
                                0x2b4 (size before relaxing)
 .debug_str     0x0000060a      0x157 ..\obj\timer.o
                                0x2a2 (size before relaxing)
 .debug_str     0x00000761       0x53 ..\obj\joy_driver.o
                                0x373 (size before relaxing)
 .debug_str     0x000007b4      0x2db ..\obj\LCDTask.o
                                0x487 (size before relaxing)
 .debug_str     0x00000a8f      0x30b ..\obj\task.o
                                0x52e (size before relaxing)
 .debug_str     0x00000d9a       0xb8 ..\obj\startup_stm32f4xx.o
                                0x174 (size before relaxing)
 .debug_str     0x00000e52       0xa8 ..\obj\serviceReq.o
                                0x1da (size before relaxing)
 .debug_str     0x00000efa      0x341 ..\obj\analogJoy_driver.o
                                0x65c (size before relaxing)
 .debug_str     0x0000123b       0x60 ..\obj\main.o
                                0x1ad (size before relaxing)
 .debug_str     0x0000129b      0x69d ..\obj\stm32f4xx_rcc.o
                                0x87d (size before relaxing)
 .debug_str     0x00001938      0x506 ..\obj\stm32f4xx_adc.o
                                0x831 (size before relaxing)
 .debug_str     0x00001e3e       0x63 ..\obj\AsciiLib.o
                                0x196 (size before relaxing)
 .debug_str     0x00001ea1       0xa2 ..\obj\mbox.o
                                0x2f5 (size before relaxing)
 .debug_str     0x00001f43      0x4ab ..\obj\LCD.o
                                0x842 (size before relaxing)
 .debug_str     0x000023ee      0x400 ..\obj\stm32f4xx_fsmc.o
                                0x7b7 (size before relaxing)
 .debug_str     0x000027ee       0x7f ..\obj\LedTask.o
                                0x212 (size before relaxing)
 .debug_str     0x0000286d       0x8a ..\obj\JoyTmr.o
                                0x230 (size before relaxing)
 .debug_str     0x000028f7       0xde ..\obj\time.o
                                0x311 (size before relaxing)
 .debug_str     0x000029d5       0xed ..\obj\event.o
                                0x35c (size before relaxing)
 .debug_str     0x00002ac2      0x1a6 ..\obj\stm32f4xx_gpio.o
                                0x4d0 (size before relaxing)
 .debug_str     0x00002c68      0x107 ..\obj\system_stm32f4xx.o
                                0x3b8 (size before relaxing)
 .debug_str     0x00002d6f      0x269 ..\obj\stm32f4xx_dma.o
                                0x56f (size before relaxing)
 .debug_str     0x00002fd8      0x1fb ..\obj\AERdriver.o
                                0x570 (size before relaxing)
 .debug_str     0x000031d3       0xb8 ..\obj\queue.o
                                0x359 (size before relaxing)
 .debug_str     0x0000328b       0xd5 ..\obj\port.o
                                0x1f4 (size before relaxing)
 .debug_str     0x00003360       0x96 ..\obj\mutex.o
                                0x364 (size before relaxing)
 .debug_str     0x000033f6      0x1af ..\obj\flag.o
                                0x3d2 (size before relaxing)
 .debug_str     0x000035a5       0x73 ..\obj\arch.o
                                0x2d4 (size before relaxing)
 .debug_str     0x00003618       0x92 ..\obj\sem.o
                                0x2f8 (size before relaxing)
 .debug_str     0x000036aa       0xeb ..\obj\AERTask.o
                                0x2ee (size before relaxing)
 .debug_str     0x00003795       0x60 ..\obj\hook.o
                                0x187 (size before relaxing)
 .debug_str     0x000037f5      0xa85 ..\obj\stm32f4xx_tim.o
                                0xdfd (size before relaxing)

.comment        0x00000000       0x70
 .comment       0x00000000       0x70 ..\obj\led_driver.o
                                 0x71 (size before relaxing)
 .comment       0x00000000       0x71 ..\obj\kernelHeap.o
 .comment       0x00000000       0x71 ..\obj\core.o
 .comment       0x00000000       0x71 ..\obj\timer.o
 .comment       0x00000000       0x71 ..\obj\joy_driver.o
 .comment       0x00000000       0x71 ..\obj\LCDTask.o
 .comment       0x00000000       0x71 ..\obj\task.o
 .comment       0x00000000       0x71 ..\obj\startup_stm32f4xx.o
 .comment       0x00000000       0x71 ..\obj\serviceReq.o
 .comment       0x00000000       0x71 ..\obj\analogJoy_driver.o
 .comment       0x00000000       0x71 ..\obj\main.o
 .comment       0x00000000       0x71 ..\obj\stm32f4xx_rcc.o
 .comment       0x00000000       0x71 ..\obj\stm32f4xx_adc.o
 .comment       0x00000000       0x71 ..\obj\AsciiLib.o
 .comment       0x00000000       0x71 ..\obj\mbox.o
 .comment       0x00000000       0x71 ..\obj\LCD.o
 .comment       0x00000000       0x71 ..\obj\stm32f4xx_fsmc.o
 .comment       0x00000000       0x71 ..\obj\LedTask.o
 .comment       0x00000000       0x71 ..\obj\JoyTmr.o
 .comment       0x00000000       0x71 ..\obj\time.o
 .comment       0x00000000       0x71 ..\obj\event.o
 .comment       0x00000000       0x71 ..\obj\stm32f4xx_gpio.o
 .comment       0x00000000       0x71 ..\obj\system_stm32f4xx.o
 .comment       0x00000000       0x71 ..\obj\stm32f4xx_dma.o
 .comment       0x00000000       0x71 ..\obj\AERdriver.o
 .comment       0x00000000       0x71 ..\obj\queue.o
 .comment       0x00000000       0x71 ..\obj\port.o
 .comment       0x00000000       0x71 ..\obj\mutex.o
 .comment       0x00000000       0x71 ..\obj\flag.o
 .comment       0x00000000       0x71 ..\obj\arch.o
 .comment       0x00000000       0x71 ..\obj\sem.o
 .comment       0x00000000       0x71 ..\obj\AERTask.o
 .comment       0x00000000       0x71 ..\obj\hook.o
 .comment       0x00000000       0x71 ..\obj\stm32f4xx_tim.o

.ARM.attributes
                0x00000000       0x35
 .ARM.attributes
                0x00000000       0x37 ..\obj\led_driver.o
 .ARM.attributes
                0x00000037       0x37 ..\obj\kernelHeap.o
 .ARM.attributes
                0x0000006e       0x37 ..\obj\core.o
 .ARM.attributes
                0x000000a5       0x37 ..\obj\timer.o
 .ARM.attributes
                0x000000dc       0x37 ..\obj\joy_driver.o
 .ARM.attributes
                0x00000113       0x37 ..\obj\LCDTask.o
 .ARM.attributes
                0x0000014a       0x37 ..\obj\task.o
 .ARM.attributes
                0x00000181       0x37 ..\obj\startup_stm32f4xx.o
 .ARM.attributes
                0x000001b8       0x37 ..\obj\serviceReq.o
 .ARM.attributes
                0x000001ef       0x37 ..\obj\analogJoy_driver.o
 .ARM.attributes
                0x00000226       0x37 ..\obj\main.o
 .ARM.attributes
                0x0000025d       0x37 ..\obj\stm32f4xx_rcc.o
 .ARM.attributes
                0x00000294       0x37 ..\obj\stm32f4xx_adc.o
 .ARM.attributes
                0x000002cb       0x37 ..\obj\AsciiLib.o
 .ARM.attributes
                0x00000302       0x37 ..\obj\mbox.o
 .ARM.attributes
                0x00000339       0x37 ..\obj\LCD.o
 .ARM.attributes
                0x00000370       0x37 ..\obj\stm32f4xx_fsmc.o
 .ARM.attributes
                0x000003a7       0x37 ..\obj\LedTask.o
 .ARM.attributes
                0x000003de       0x37 ..\obj\JoyTmr.o
 .ARM.attributes
                0x00000415       0x37 ..\obj\time.o
 .ARM.attributes
                0x0000044c       0x37 ..\obj\event.o
 .ARM.attributes
                0x00000483       0x37 ..\obj\stm32f4xx_gpio.o
 .ARM.attributes
                0x000004ba       0x37 ..\obj\system_stm32f4xx.o
 .ARM.attributes
                0x000004f1       0x37 ..\obj\stm32f4xx_dma.o
 .ARM.attributes
                0x00000528       0x37 ..\obj\AERdriver.o
 .ARM.attributes
                0x0000055f       0x37 ..\obj\queue.o
 .ARM.attributes
                0x00000596       0x37 ..\obj\port.o
 .ARM.attributes
                0x000005cd       0x37 ..\obj\mutex.o
 .ARM.attributes
                0x00000604       0x37 ..\obj\flag.o
 .ARM.attributes
                0x0000063b       0x37 ..\obj\arch.o
 .ARM.attributes
                0x00000672       0x37 ..\obj\sem.o
 .ARM.attributes
                0x000006a9       0x37 ..\obj\AERTask.o
 .ARM.attributes
                0x000006e0       0x37 ..\obj\hook.o
 .ARM.attributes
                0x00000717       0x37 ..\obj\stm32f4xx_tim.o
 .ARM.attributes
                0x0000074e       0x22 c:/program files (x86)/gnu tools arm embedded/4.9 2015q3/bin/../lib/gcc/arm-none-eabi/4.9.3/armv7e-m/softfp\libgcc.a(_arm_addsubdf3.o)
 .ARM.attributes
                0x00000770       0x22 c:/program files (x86)/gnu tools arm embedded/4.9 2015q3/bin/../lib/gcc/arm-none-eabi/4.9.3/armv7e-m/softfp\libgcc.a(_arm_muldivdf3.o)
 .ARM.attributes
                0x00000792       0x22 c:/program files (x86)/gnu tools arm embedded/4.9 2015q3/bin/../lib/gcc/arm-none-eabi/4.9.3/armv7e-m/softfp\libgcc.a(_arm_fixunsdfsi.o)
 .ARM.attributes
                0x000007b4       0x20 c:/program files (x86)/gnu tools arm embedded/4.9 2015q3/bin/../lib/gcc/arm-none-eabi/4.9.3/../../../../arm-none-eabi/lib/armv7e-m/softfp\libc.a(lib_a-memcpy.o)

.debug_frame    0x00000000     0x3d78
 .debug_frame   0x00000000       0xa0 ..\obj\led_driver.o
 .debug_frame   0x000000a0       0xa4 ..\obj\kernelHeap.o
 .debug_frame   0x00000144       0xf8 ..\obj\core.o
 .debug_frame   0x0000023c      0x178 ..\obj\timer.o
 .debug_frame   0x000003b4       0x58 ..\obj\joy_driver.o
 .debug_frame   0x0000040c      0x18c ..\obj\LCDTask.o
 .debug_frame   0x00000598      0x2c8 ..\obj\task.o
 .debug_frame   0x00000860       0x4c ..\obj\startup_stm32f4xx.o
 .debug_frame   0x000008ac       0x58 ..\obj\serviceReq.o
 .debug_frame   0x00000904       0x5c ..\obj\analogJoy_driver.o
 .debug_frame   0x00000960       0x64 ..\obj\main.o
 .debug_frame   0x000009c4      0x6d4 ..\obj\stm32f4xx_rcc.o
 .debug_frame   0x00001098      0x5ec ..\obj\stm32f4xx_adc.o
 .debug_frame   0x00001684       0x38 ..\obj\AsciiLib.o
 .debug_frame   0x000016bc       0xe8 ..\obj\mbox.o
 .debug_frame   0x000017a4      0x370 ..\obj\LCD.o
 .debug_frame   0x00001b14      0x300 ..\obj\stm32f4xx_fsmc.o
 .debug_frame   0x00001e14       0xac ..\obj\LedTask.o
 .debug_frame   0x00001ec0       0xc4 ..\obj\JoyTmr.o
 .debug_frame   0x00001f84      0x130 ..\obj\time.o
 .debug_frame   0x000020b4      0x114 ..\obj\event.o
 .debug_frame   0x000021c8      0x23c ..\obj\stm32f4xx_gpio.o
 .debug_frame   0x00002404       0x74 ..\obj\system_stm32f4xx.o
 .debug_frame   0x00002478      0x308 ..\obj\stm32f4xx_dma.o
 .debug_frame   0x00002780      0x154 ..\obj\AERdriver.o
 .debug_frame   0x000028d4       0xe8 ..\obj\queue.o
 .debug_frame   0x000029bc       0xd0 ..\obj\port.o
 .debug_frame   0x00002a8c       0xa0 ..\obj\mutex.o
 .debug_frame   0x00002b2c      0x1cc ..\obj\flag.o
 .debug_frame   0x00002cf8       0x54 ..\obj\arch.o
 .debug_frame   0x00002d4c       0xe8 ..\obj\sem.o
 .debug_frame   0x00002e34       0xa8 ..\obj\AERTask.o
 .debug_frame   0x00002edc       0x48 ..\obj\hook.o
 .debug_frame   0x00002f24      0xe54 ..\obj\stm32f4xx_tim.o
