Archive member included because of file (symbol)

c:/program files (x86)/gnu tools arm embedded/4.9 2015q3/bin/../lib/gcc/arm-none-eabi/4.9.3/../../../../arm-none-eabi/lib/armv7e-m/softfp\libm.a(lib_a-w_sqrt.o)
                              ..\obj\LCD.o (sqrt)
c:/program files (x86)/gnu tools arm embedded/4.9 2015q3/bin/../lib/gcc/arm-none-eabi/4.9.3/../../../../arm-none-eabi/lib/armv7e-m/softfp\libm.a(lib_a-e_sqrt.o)
                              c:/program files (x86)/gnu tools arm embedded/4.9 2015q3/bin/../lib/gcc/arm-none-eabi/4.9.3/../../../../arm-none-eabi/lib/armv7e-m/softfp\libm.a(lib_a-w_sqrt.o) (__ieee754_sqrt)
c:/program files (x86)/gnu tools arm embedded/4.9 2015q3/bin/../lib/gcc/arm-none-eabi/4.9.3/../../../../arm-none-eabi/lib/armv7e-m/softfp\libm.a(lib_a-s_fpclassify.o)
                              c:/program files (x86)/gnu tools arm embedded/4.9 2015q3/bin/../lib/gcc/arm-none-eabi/4.9.3/../../../../arm-none-eabi/lib/armv7e-m/softfp\libm.a(lib_a-w_sqrt.o) (__fpclassifyd)
c:/program files (x86)/gnu tools arm embedded/4.9 2015q3/bin/../lib/gcc/arm-none-eabi/4.9.3/../../../../arm-none-eabi/lib/armv7e-m/softfp\libm.a(lib_a-s_lib_ver.o)
                              c:/program files (x86)/gnu tools arm embedded/4.9 2015q3/bin/../lib/gcc/arm-none-eabi/4.9.3/../../../../arm-none-eabi/lib/armv7e-m/softfp\libm.a(lib_a-w_sqrt.o) (__fdlib_version)
c:/program files (x86)/gnu tools arm embedded/4.9 2015q3/bin/../lib/gcc/arm-none-eabi/4.9.3/../../../../arm-none-eabi/lib/armv7e-m/softfp\libm.a(lib_a-s_matherr.o)
                              c:/program files (x86)/gnu tools arm embedded/4.9 2015q3/bin/../lib/gcc/arm-none-eabi/4.9.3/../../../../arm-none-eabi/lib/armv7e-m/softfp\libm.a(lib_a-w_sqrt.o) (matherr)
c:/program files (x86)/gnu tools arm embedded/4.9 2015q3/bin/../lib/gcc/arm-none-eabi/4.9.3/armv7e-m/softfp\libgcc.a(_arm_addsubdf3.o)
                              c:/program files (x86)/gnu tools arm embedded/4.9 2015q3/bin/../lib/gcc/arm-none-eabi/4.9.3/../../../../arm-none-eabi/lib/armv7e-m/softfp\libm.a(lib_a-e_sqrt.o) (__aeabi_dsub)
c:/program files (x86)/gnu tools arm embedded/4.9 2015q3/bin/../lib/gcc/arm-none-eabi/4.9.3/armv7e-m/softfp\libgcc.a(_arm_muldivdf3.o)
                              ..\obj\LCDTask.o (__aeabi_dmul)
c:/program files (x86)/gnu tools arm embedded/4.9 2015q3/bin/../lib/gcc/arm-none-eabi/4.9.3/armv7e-m/softfp\libgcc.a(_arm_cmpdf2.o)
                              c:/program files (x86)/gnu tools arm embedded/4.9 2015q3/bin/../lib/gcc/arm-none-eabi/4.9.3/../../../../arm-none-eabi/lib/armv7e-m/softfp\libm.a(lib_a-w_sqrt.o) (__aeabi_dcmplt)
c:/program files (x86)/gnu tools arm embedded/4.9 2015q3/bin/../lib/gcc/arm-none-eabi/4.9.3/armv7e-m/softfp\libgcc.a(_arm_fixdfsi.o)
                              ..\obj\LCD.o (__aeabi_d2iz)
c:/program files (x86)/gnu tools arm embedded/4.9 2015q3/bin/../lib/gcc/arm-none-eabi/4.9.3/armv7e-m/softfp\libgcc.a(_arm_fixunsdfsi.o)
                              ..\obj\LCDTask.o (__aeabi_d2uiz)
c:/program files (x86)/gnu tools arm embedded/4.9 2015q3/bin/../lib/gcc/arm-none-eabi/4.9.3/../../../../arm-none-eabi/lib/armv7e-m/softfp\libc.a(lib_a-errno.o)
                              c:/program files (x86)/gnu tools arm embedded/4.9 2015q3/bin/../lib/gcc/arm-none-eabi/4.9.3/../../../../arm-none-eabi/lib/armv7e-m/softfp\libm.a(lib_a-w_sqrt.o) (__errno)

Allocating common symbols
Common symbol       size              file

PriNum              0x1               ..\obj\task.o
TaskNumPerPri       0x11              ..\obj\task.o
semAERRxBuff2       0x1               ..\obj\AERTask.o
AERdat_rxBuff2      0x100             ..\obj\AERTask.o
led_stk             0x400             ..\obj\LedTask.o
aer_stk             0x1000            ..\obj\AERTask.o
LCD_stk             0x2000            ..\obj\LCDTask.o
semAERRxBuff1       0x1               ..\obj\AERTask.o
AERdatBuff          0x100             ..\obj\LCDTask.o
RdyTaskPriInfo      0x4               ..\obj\task.o
i                   0x2               ..\obj\LCD.o
ActivePri           0x11              ..\obj\task.o
flagRxAERBuff_Ready
                    0x1               ..\obj\AERTask.o
lastjoyKey          0x1               ..\obj\JoyTmr.o
ADC_ConvertedValue  0x4               ..\obj\analogJoy_driver.o
AERdat_rxBuff1      0x100             ..\obj\AERTask.o
DeviceCode          0x2               ..\obj\LCD.o
keyFlag             0x5               ..\obj\JoyTmr.o

Discarded input sections

 .text          0x00000000        0x0 ..\obj\led_driver.o
 .data          0x00000000        0x0 ..\obj\led_driver.o
 .bss           0x00000000        0x0 ..\obj\led_driver.o
 .text          0x00000000        0x0 ..\obj\kernelHeap.o
 .data          0x00000000        0x0 ..\obj\kernelHeap.o
 .text.CoKmalloc
                0x00000000      0x16c ..\obj\kernelHeap.o
 .text.CoKfree  0x00000000      0x2d4 ..\obj\kernelHeap.o
 .text.GetPreFMB
                0x00000000       0x34 ..\obj\kernelHeap.o
[...]
Memory Configuration

Name             Origin             Length             Attributes
rom              0x08000000         0x00100000         xr
ram              0x20000000         0x00020000         xrw
ram1             0x10000000         0x00010000         xrw
*default*        0x00000000         0xffffffff

Linker script and memory map

                0x20020000                _eram = 0x20020000

.text           0x08000000     0x6d04
 *(.isr_vector)
 .isr_vector    0x08000000      0x188 ..\obj\startup_stm32f4xx.o
                0x08000000                g_pfnVectors
 *(.text*)
 .text.Init_Leds
                0x08000188       0x60 ..\obj\led_driver.o
                0x08000188                Init_Leds
 .text.LED_On   0x080001e8       0x7c ..\obj\led_driver.o
                0x080001e8                LED_On
 .text.LED_Off  0x08000264       0x7c ..\obj\led_driver.o
                0x08000264                LED_Off
 .text.LED_Toggle
                0x080002e0       0x7c ..\obj\led_driver.o
                0x080002e0                LED_Toggle
 .text.CoCreateKheap
                0x0800035c       0x44 ..\obj\kernelHeap.o
                0x0800035c                CoCreateKheap
 .text.OsSchedUnlock
                0x080003a0       0x4c ..\obj\core.o
                0x080003a0                OsSchedUnlock
 .text.CoInitOS
                0x080003ec       0x7c ..\obj\core.o
                0x080003ec                CoInitOS
 .text.CoStartOS
                0x08000468       0x38 ..\obj\core.o
                0x08000468                CoStartOS
 .text.InsertTmrList
                0x080004a0      0x1d0 ..\obj\timer.o
 .text.RemoveTmrList
                0x08000670       0xd4 ..\obj\timer.o
 .text.CoCreateTmr
                0x08000744      0x12c ..\obj\timer.o
                0x08000744                CoCreateTmr
 .text.CoStartTmr
                0x08000870       0x70 ..\obj\timer.o
                0x08000870                CoStartTmr
 .text.TmrDispose
                0x080008e0       0x78 ..\obj\timer.o
                0x080008e0                TmrDispose
 .text.isr_TmrDispose
                0x08000958       0x30 ..\obj\timer.o
                0x08000958                isr_TmrDispose
 .text.Init_Joy
                0x08000988       0x30 ..\obj\joy_driver.o
                0x08000988                Init_Joy
 .text.Read_Joy
                0x080009b8       0x74 ..\obj\joy_driver.o
                0x080009b8                Read_Joy
 .text.CreateLCDTask
                0x08000a2c       0x28 ..\obj\LCDTask.o
                0x08000a2c                CreateLCDTask
 .text.LCDManagerTask
                0x08000a54       0x6c ..\obj\LCDTask.o
                0x08000a54                LCDManagerTask
 .text.LCDHelloTask
                0x08000ac0      0x134 ..\obj\LCDTask.o
                0x08000ac0                LCDHelloTask
 .text.LCD_selectBuffer
                0x08000bf4       0x48 ..\obj\LCDTask.o
                0x08000bf4                LCD_selectBuffer
 .text.LCD_freeBuffer
                0x08000c3c       0x58 ..\obj\LCDTask.o
                0x08000c3c                LCD_freeBuffer
 .text.LCD_drawXYMesh
                0x08000c94       0xbc ..\obj\LCDTask.o
                0x08000c94                LCD_drawXYMesh
 .text.LCD_drawHistogramColumns
                0x08000d50       0x34 ..\obj\LCDTask.o
                0x08000d50                LCD_drawHistogramColumns
 .text.AER_clearNumEventsChannelBuffer
                0x08000d84       0x3c ..\obj\LCDTask.o
                0x08000d84                AER_clearNumEventsChannelBuffer
 .text.LCDHistogramTask
                0x08000dc0      0x204 ..\obj\LCDTask.o
                0x08000dc0                LCDHistogramTask
 .text.decodeAERData
                0x08000fc4       0x5c ..\obj\LCDTask.o
                0x08000fc4                decodeAERData
 .text.CreateTCBList
                0x08001020       0x90 ..\obj\task.o
                0x08001020                CreateTCBList
 .text.GetPriSeqNum
                0x080010b0       0x80 ..\obj\task.o
 .text.GetRdyPriSeqNum
                0x08001130      0x120 ..\obj\task.o
 .text.PrioRemap
                0x08001250       0xd4 ..\obj\task.o
 .text.GetPrioSeqNumStatus
                0x08001324       0x40 ..\obj\task.o
 .text.SetPrioSeqNumStatus
                0x08001364       0x68 ..\obj\task.o
 .text.ActiveTaskPri
                0x080013cc       0xb8 ..\obj\task.o
                0x080013cc                ActiveTaskPri
 .text.DeleteTaskPri
                0x08001484       0xa0 ..\obj\task.o
                0x08001484                DeleteTaskPri
 .text.InsertToTCBRdyList
                0x08001524      0x154 ..\obj\task.o
                0x08001524                InsertToTCBRdyList
 .text.RemoveFromTCBRdyList
                0x08001678      0x130 ..\obj\task.o
                0x08001678                RemoveFromTCBRdyList
 .text.CoSetPriority
                0x080017a8      0x1d0 ..\obj\task.o
                0x080017a8                CoSetPriority
 .text.Schedule
                0x08001978      0x140 ..\obj\task.o
                0x08001978                Schedule
 .text.AssignTCB
                0x08001ab8       0x4c ..\obj\task.o
 .text.CreateTask
                0x08001b04      0x124 ..\obj\task.o
                0x08001b04                CreateTask
 .text.CoDelTask
                0x08001c28      0x120 ..\obj\task.o
                0x08001c28                CoDelTask
 .text.Default_Reset_Handler
                0x08001d48       0x68 ..\obj\startup_stm32f4xx.o
                0x08001d48                Default_Reset_Handler
                0x08001d48                Reset_Handler
 .text.Default_Handler
                0x08001db0        0x8 ..\obj\startup_stm32f4xx.o
                0x08001db0                RTC_Alarm_IRQHandler
                0x08001db0                HASH_RNG_IRQHandler
                0x08001db0                EXTI2_IRQHandler
                0x08001db0                TIM8_CC_IRQHandler
                0x08001db0                DebugMon_Handler
                0x08001db0                TIM1_CC_IRQHandler
                0x08001db0                DMA2_Stream5_IRQHandler
                0x08001db0                HardFault_Handler
                0x08001db0                DMA1_Stream5_IRQHandler
                0x08001db0                PVD_IRQHandler
                0x08001db0                SDIO_IRQHandler
                0x08001db0                TAMP_STAMP_IRQHandler
                0x08001db0                NMI_Handler
                0x08001db0                CAN2_RX1_IRQHandler
                0x08001db0                EXTI3_IRQHandler
                0x08001db0                TIM8_TRG_COM_TIM14_IRQHandler
                0x08001db0                TIM1_UP_TIM10_IRQHandler
                0x08001db0                TIM8_UP_TIM13_IRQHandler
                0x08001db0                I2C3_ER_IRQHandler
                0x08001db0                EXTI0_IRQHandler
                0x08001db0                I2C2_EV_IRQHandler
                0x08001db0                DMA1_Stream2_IRQHandler
                0x08001db0                CAN1_RX0_IRQHandler
                0x08001db0                FPU_IRQHandler
                0x08001db0                OTG_HS_WKUP_IRQHandler
                0x08001db0                UsageFault_Handler
                0x08001db0                CAN2_SCE_IRQHandler
                0x08001db0                DMA2_Stream2_IRQHandler
                0x08001db0                SPI1_IRQHandler
                0x08001db0                TIM6_DAC_IRQHandler
                0x08001db0                TIM1_BRK_TIM9_IRQHandler
                0x08001db0                DCMI_IRQHandler
                0x08001db0                CAN2_RX0_IRQHandler
                0x08001db0                DMA2_Stream3_IRQHandler
                0x08001db0                USART6_IRQHandler
                0x08001db0                USART3_IRQHandler
                0x08001db0                CRYP_IRQHandler
                0x08001db0                CAN1_RX1_IRQHandler
                0x08001db0                UART5_IRQHandler
                0x08001db0                DMA2_Stream0_IRQHandler
                0x08001db0                TIM4_IRQHandler
                0x08001db0                I2C1_EV_IRQHandler
                0x08001db0                DMA1_Stream6_IRQHandler
                0x08001db0                DMA1_Stream1_IRQHandler
                0x08001db0                UART4_IRQHandler
                0x08001db0                TIM3_IRQHandler
                0x08001db0                RCC_IRQHandler
                0x08001db0                TIM8_BRK_TIM12_IRQHandler
                0x08001db0                EXTI15_10_IRQHandler
                0x08001db0                ADC_IRQHandler
                0x08001db0                DMA1_Stream7_IRQHandler
                0x08001db0                TIM7_IRQHandler
                0x08001db0                CAN2_TX_IRQHandler
                0x08001db0                TIM5_IRQHandler
                0x08001db0                DMA2_Stream7_IRQHandler
                0x08001db0                I2C3_EV_IRQHandler
                0x08001db0                EXTI9_5_IRQHandler
                0x08001db0                RTC_WKUP_IRQHandler
                0x08001db0                ETH_WKUP_IRQHandler
                0x08001db0                SPI2_IRQHandler
                0x08001db0                OTG_HS_EP1_IN_IRQHandler
                0x08001db0                MemManage_Handler
                0x08001db0                DMA1_Stream0_IRQHandler
                0x08001db0                CAN1_TX_IRQHandler
                0x08001db0                SVC_Handler
                0x08001db0                EXTI4_IRQHandler
                0x08001db0                FSMC_IRQHandler
                0x08001db0                ETH_IRQHandler
                0x08001db0                OTG_HS_EP1_OUT_IRQHandler
                0x08001db0                WWDG_IRQHandler
                0x08001db0                TIM2_IRQHandler
                0x08001db0                OTG_FS_WKUP_IRQHandler
                0x08001db0                TIM1_TRG_COM_TIM11_IRQHandler
                0x08001db0                OTG_HS_IRQHandler
                0x08001db0                EXTI1_IRQHandler
                0x08001db0                USART2_IRQHandler
                0x08001db0                I2C2_ER_IRQHandler
                0x08001db0                DMA2_Stream1_IRQHandler
                0x08001db0                CAN1_SCE_IRQHandler
                0x08001db0                FLASH_IRQHandler
                0x08001db0                DMA2_Stream4_IRQHandler
                0x08001db0                BusFault_Handler
                0x08001db0                USART1_IRQHandler
                0x08001db0                OTG_FS_IRQHandler
                0x08001db0                SPI3_IRQHandler
                0x08001db0                DMA1_Stream4_IRQHandler
                0x08001db0                I2C1_ER_IRQHandler
                0x08001db0                DMA2_Stream6_IRQHandler
                0x08001db0                DMA1_Stream3_IRQHandler
 .text.RespondSRQ
                0x08001db8      0x100 ..\obj\serviceReq.o
                0x08001db8                RespondSRQ
 .text.CreateSystemObjetcs
                0x08001eb8        0xc ..\obj\main.o
                0x08001eb8                CreateSystemObjetcs
 .text.CreateUserTasks
                0x08001ec4       0x18 ..\obj\main.o
                0x08001ec4                CreateUserTasks
 .text.main     0x08001edc       0x1c ..\obj\main.o
                0x08001edc                main
 .text.RCC_AHB1PeriphClockCmd
                0x08001ef8       0x3c ..\obj\stm32f4xx_rcc.o
                0x08001ef8                RCC_AHB1PeriphClockCmd
 .text.RCC_AHB3PeriphClockCmd
                0x08001f34       0x3c ..\obj\stm32f4xx_rcc.o
                0x08001f34                RCC_AHB3PeriphClockCmd
 .text.RCC_APB1PeriphClockCmd
                0x08001f70       0x3c ..\obj\stm32f4xx_rcc.o
                0x08001f70                RCC_APB1PeriphClockCmd
 .text.GetASCIICode
                0x08001fac       0x34 ..\obj\AsciiLib.o
                0x08001fac                GetASCIICode
 .text.CoPostMail
                0x08001fe0       0x74 ..\obj\mbox.o
                0x08001fe0                CoPostMail
 .text.LCD_CtrlLinesConfig
                0x08002054      0x144 ..\obj\LCD.o
 .text.LCD_FSMCConfig
                0x08002198       0x78 ..\obj\LCD.o
 .text.LCD_Configuration
                0x08002210       0x28 ..\obj\LCD.o
 .text.delay_ms
                0x08002238       0x40 ..\obj\LCD.o
                0x08002238                delay_ms
 .text.LCD_Initialization
                0x08002278     0x1780 ..\obj\LCD.o
                0x08002278                LCD_Initialization
 .text.LCD_Clear
                0x080039f8       0x94 ..\obj\LCD.o
                0x080039f8                LCD_Clear
 .text.LCD_SetCursor
                0x08003a8c       0xc8 ..\obj\LCD.o
                0x08003a8c                LCD_SetCursor
 .text.LCD_SetPoint
                0x08003b54       0x40 ..\obj\LCD.o
                0x08003b54                LCD_SetPoint
 .text.LCD_DrawLine
                0x08003b94      0x17c ..\obj\LCD.o
                0x08003b94                LCD_DrawLine
 .text.LCD_DrawRectangle
                0x08003d10       0xc4 ..\obj\LCD.o
                0x08003d10                LCD_DrawRectangle
 .text.LCD_FillRectangle
                0x08003dd4       0x6c ..\obj\LCD.o
                0x08003dd4                LCD_FillRectangle
 .text.LCD_PutChar
                0x08003e40       0xb4 ..\obj\LCD.o
                0x08003e40                LCD_PutChar
 .text.LCD_PrintText
                0x08003ef4       0x6c ..\obj\LCD.o
                0x08003ef4                LCD_PrintText
 .text.LCD_WriteIndex
                0x08003f60       0x1c ..\obj\LCD.o
                0x08003f60                LCD_WriteIndex
 .text.LCD_WriteData
                0x08003f7c       0x20 ..\obj\LCD.o
                0x08003f7c                LCD_WriteData
 .text.LCD_ReadData
                0x08003f9c       0x18 ..\obj\LCD.o
                0x08003f9c                LCD_ReadData
 .text.LCD_WriteReg
                0x08003fb4       0x28 ..\obj\LCD.o
                0x08003fb4                LCD_WriteReg
 .text.LCD_ReadReg
                0x08003fdc       0x20 ..\obj\LCD.o
                0x08003fdc                LCD_ReadReg
 .text.FSMC_NORSRAMInit
                0x08003ffc      0x134 ..\obj\stm32f4xx_fsmc.o
                0x08003ffc                FSMC_NORSRAMInit
 .text.FSMC_NORSRAMCmd
                0x08004130       0x54 ..\obj\stm32f4xx_fsmc.o
                0x08004130                FSMC_NORSRAMCmd
 .text.CreateLedTask
                0x08004184       0x64 ..\obj\LedTask.o
                0x08004184                CreateLedTask
 .text.LedTask0
                0x080041e8       0x44 ..\obj\LedTask.o
                0x080041e8                LedTask0
 .text.LedTask1
                0x0800422c       0x78 ..\obj\LedTask.o
                0x0800422c                LedTask1
 .text.LedTask2
                0x080042a4       0x8c ..\obj\LedTask.o
                0x080042a4                LedTask2
 .text.LedTask3
                0x08004330       0x60 ..\obj\LedTask.o
                0x08004330                LedTask3
 .text.waitForKey
                0x08004390       0x2c ..\obj\JoyTmr.o
                0x08004390                waitForKey
 .text.CreateJoyFlags
                0x080043bc       0x34 ..\obj\JoyTmr.o
                0x080043bc                CreateJoyFlags
 .text.CreateJoyTask
                0x080043f0       0x2c ..\obj\JoyTmr.o
                0x080043f0                CreateJoyTask
 .text.JoyTimer
                0x0800441c       0x40 ..\obj\JoyTmr.o
                0x0800441c                JoyTimer
 .text.InsertDelayList
                0x0800445c       0xf0 ..\obj\time.o
                0x0800445c                InsertDelayList
 .text.RemoveDelayList
                0x0800454c       0xb4 ..\obj\time.o
                0x0800454c                RemoveDelayList
 .text.CoTickDelay
                0x08004600       0x70 ..\obj\time.o
                0x08004600                CoTickDelay
 .text.CoTimeDelay
                0x08004670       0xb0 ..\obj\time.o
                0x08004670                CoTimeDelay
 .text.TimeDispose
                0x08004720       0x74 ..\obj\time.o
                0x08004720                TimeDispose
 .text.isr_TimeDispose
                0x08004794       0x30 ..\obj\time.o
                0x08004794                isr_TimeDispose
 .text.CreateEventList
                0x080047c4       0x78 ..\obj\event.o
                0x080047c4                CreateEventList
 .text.CreatEvent
                0x0800483c       0x84 ..\obj\event.o
                0x0800483c                CreatEvent
 .text.EventTaskToWait
                0x080048c0      0x100 ..\obj\event.o
                0x080048c0                EventTaskToWait
 .text.EventTaskToRdy
                0x080049c0      0x10c ..\obj\event.o
                0x080049c0                EventTaskToRdy
 .text.RemoveEventWaittingList
                0x08004acc       0x98 ..\obj\event.o
                0x08004acc                RemoveEventWaittingList
 .text.GPIO_Init
                0x08004b64      0x11c ..\obj\stm32f4xx_gpio.o
                0x08004b64                GPIO_Init
 .text.GPIO_ReadInputDataBit
                0x08004c80       0x34 ..\obj\stm32f4xx_gpio.o
                0x08004c80                GPIO_ReadInputDataBit
 .text.GPIO_ReadInputData
                0x08004cb4       0x1c ..\obj\stm32f4xx_gpio.o
                0x08004cb4                GPIO_ReadInputData
 .text.GPIO_SetBits
                0x08004cd0       0x1c ..\obj\stm32f4xx_gpio.o
                0x08004cd0                GPIO_SetBits
 .text.GPIO_ResetBits
                0x08004cec       0x1c ..\obj\stm32f4xx_gpio.o
                0x08004cec                GPIO_ResetBits
 .text.GPIO_ToggleBits
                0x08004d08       0x24 ..\obj\stm32f4xx_gpio.o
                0x08004d08                GPIO_ToggleBits
 .text.GPIO_PinAFConfig
                0x08004d2c       0x90 ..\obj\stm32f4xx_gpio.o
                0x08004d2c                GPIO_PinAFConfig
 .text.SystemInit
                0x08004dbc       0x68 ..\obj\system_stm32f4xx.o
                0x08004dbc                SystemInit
 .text.SetSysClock
                0x08004e24       0xa4 ..\obj\system_stm32f4xx.o
 .text.Init_AERbus
                0x08004ec8       0x30 ..\obj\AERdriver.o
                0x08004ec8                Init_AERbus
 .text.Init_AERprot
                0x08004ef8       0x50 ..\obj\AERdriver.o
                0x08004ef8                Init_AERprot
 .text.Init_AERtimestamp
                0x08004f48       0x44 ..\obj\AERdriver.o
                0x08004f48                Init_AERtimestamp
 .text.AER_getRequest
                0x08004f8c       0x18 ..\obj\AERdriver.o
                0x08004f8c                AER_getRequest
 .text.AER_upACK
                0x08004fa4       0x14 ..\obj\AERdriver.o
                0x08004fa4                AER_upACK
 .text.AER_downACK
                0x08004fb8       0x14 ..\obj\AERdriver.o
                0x08004fb8                AER_downACK
 .text.AER_readBus
                0x08004fcc       0x38 ..\obj\AERdriver.o
                0x08004fcc                AER_readBus
 .text.AER_getTimeStamp
                0x08005004       0x14 ..\obj\AERdriver.o
                0x08005004                AER_getTimeStamp
 .text.CoPostQueueMail
                0x08005018       0xac ..\obj\queue.o
                0x08005018                CoPostQueueMail
 .text.IRQ_ENABLE_RESTORE
                0x080050c4       0x10 ..\obj\port.o
                0x080050c4                IRQ_ENABLE_RESTORE
 .text.IRQ_DISABLE_SAVE
                0x080050d4       0x10 ..\obj\port.o
                0x080050d4                IRQ_DISABLE_SAVE
 .text.SetEnvironment
                0x080050e4        0xc ..\obj\port.o
                0x080050e4                SetEnvironment
 .text.SwitchContext
                0x080050f0       0x14 ..\obj\port.o
                0x080050f0                SwitchContext
 .text.PendSV_Handler
                0x08005104       0x3c ..\obj\port.o
                0x08005104                PendSV_Handler
 .text.CoLeaveMutexSection
                0x08005140      0x14c ..\obj\mutex.o
                0x08005140                CoLeaveMutexSection
 .text.RemoveMutexList
                0x0800528c       0xf0 ..\obj\mutex.o
                0x0800528c                RemoveMutexList
 .text.CoCreateFlag
                0x0800537c       0x98 ..\obj\flag.o
                0x0800537c                CoCreateFlag
 .text.CoWaitForSingleFlag
                0x08005414      0x178 ..\obj\flag.o
                0x08005414                CoWaitForSingleFlag
 .text.CoClearFlag
                0x0800558c       0x54 ..\obj\flag.o
                0x0800558c                CoClearFlag
 .text.CoSetFlag
                0x080055e0       0xf4 ..\obj\flag.o
                0x080055e0                CoSetFlag
 .text.FlagBlock
                0x080056d4       0x78 ..\obj\flag.o
 .text.RemoveFromLink
                0x0800574c       0x54 ..\obj\flag.o
 .text.RemoveLinkNode
                0x080057a0       0x84 ..\obj\flag.o
                0x080057a0                RemoveLinkNode
 .text.InitTaskContext
                0x08005824       0x50 ..\obj\arch.o
                0x08005824                InitTaskContext
 .text.SysTick_Handler
                0x08005874       0x98 ..\obj\arch.o
                0x08005874                SysTick_Handler
 .text.CoCreateSem
                0x0800590c       0x60 ..\obj\sem.o
                0x0800590c                CoCreateSem
 .text.CoPendSem
                0x0800596c       0xe8 ..\obj\sem.o
                0x0800596c                CoPendSem
 .text.CoPostSem
                0x08005a54       0x78 ..\obj\sem.o
                0x08005a54                CoPostSem
 .text.CreateAER_OSRsrc
                0x08005acc       0x48 ..\obj\AERTask.o
                0x08005acc                CreateAER_OSRsrc
 .text.CreateAERTask
                0x08005b14       0x30 ..\obj\AERTask.o
                0x08005b14                CreateAERTask
 .text.AER_selectBuffer
                0x08005b44       0x48 ..\obj\AERTask.o
                0x08005b44                AER_selectBuffer
 .text.AER_freeBuffer
                0x08005b8c       0x58 ..\obj\AERTask.o
                0x08005b8c                AER_freeBuffer
 .text.AER_RxTask
                0x08005be4       0xf0 ..\obj\AERTask.o
                0x08005be4                AER_RxTask
 .text.CoIdleTask
                0x08005cd4        0xc ..\obj\hook.o
                0x08005cd4                CoIdleTask
 .text.CoStkOverflowHook
                0x08005ce0        0xc ..\obj\hook.o
                0x08005ce0                CoStkOverflowHook
 .text.TIM_TimeBaseInit
                0x08005cec       0xd4 ..\obj\stm32f4xx_tim.o
                0x08005cec                TIM_TimeBaseInit
 .text.TIM_GetCounter
                0x08005dc0       0x18 ..\obj\stm32f4xx_tim.o
                0x08005dc0                TIM_GetCounter
 .text.TIM_Cmd  0x08005dd8       0x40 ..\obj\stm32f4xx_tim.o
                0x08005dd8                TIM_Cmd
 .text          0x08005e18      0x370 c:/program files (x86)/gnu tools arm embedded/4.9 2015q3/bin/../lib/gcc/arm-none-eabi/4.9.3/armv7e-m/softfp\libgcc.a(_arm_addsubdf3.o)
                0x08005e18                __aeabi_drsub
                0x08005e20                __aeabi_dsub
                0x08005e20                __subdf3
                0x08005e24                __aeabi_dadd
                0x08005e24                __adddf3
                0x0800609c                __floatunsidf
                0x0800609c                __aeabi_ui2d
                0x080060bc                __floatsidf
                0x080060bc                __aeabi_i2d
                0x080060e0                __aeabi_f2d
                0x080060e0                __extendsfdf2
                0x0800611c                __floatundidf
                0x0800611c                __aeabi_ul2d
                0x0800612c                __floatdidf
                0x0800612c                __aeabi_l2d
 .text          0x08006188      0x424 c:/program files (x86)/gnu tools arm embedded/4.9 2015q3/bin/../lib/gcc/arm-none-eabi/4.9.3/armv7e-m/softfp\libgcc.a(_arm_muldivdf3.o)
                0x08006188                __aeabi_dmul
                0x08006188                __muldf3
                0x080063dc                __divdf3
                0x080063dc                __aeabi_ddiv
 .text          0x080065ac       0x40 c:/program files (x86)/gnu tools arm embedded/4.9 2015q3/bin/../lib/gcc/arm-none-eabi/4.9.3/armv7e-m/softfp\libgcc.a(_arm_fixunsdfsi.o)
                0x080065ac                __aeabi_d2uiz
                0x080065ac                __fixunsdfsi
 *(.init)
 *(.fini)
 *crtbegin.o(.ctors)
 *crtbegin?.o(.ctors)
 *(EXCLUDE_FILE(*crtend.o *crtend?.o) .ctors)
 *(SORT(.ctors.*))
 *(.ctors)
 *crtbegin.o(.dtors)
 *crtbegin?.o(.dtors)
 *(EXCLUDE_FILE(*crtend.o *crtend?.o) .dtors)
 *(SORT(.dtors.*))
 *(.dtors)
 *(.rodata*)
 .rodata        0x080065ec      0x126 ..\obj\LCDTask.o
 *fill*         0x08006712        0x2 
 .rodata        0x08006714      0x5f0 ..\obj\AsciiLib.o
 *(.eh_fram e*)

.glue_7         0x08006d04        0x0
 .glue_7        0x00000000        0x0 linker stubs

.glue_7t        0x08006d04        0x0
 .glue_7t       0x00000000        0x0 linker stubs

.vfp11_veneer   0x08006d04        0x0
 .vfp11_veneer  0x00000000        0x0 linker stubs

.v4_bx          0x08006d04        0x0
 .v4_bx         0x00000000        0x0 linker stubs

.iplt           0x08006d04        0x0
 .iplt          0x00000000        0x0 ..\obj\led_driver.o

.rel.dyn        0x08006d04        0x0
 .rel.iplt      0x00000000        0x0 ..\obj\led_driver.o

.ARM.extab
 *(.ARM.extab* .gnu.linkonce.armextab.*)
                0x08006d04                __exidx_start = .

.ARM.exidx
 *(.ARM.exidx* .gnu.linkonce.armexidx.*)
                0x08006d04                __exidx_end = .
                0x08006d04                __etext = .
                0x08006d04                _sidata = __etext

.data           0x20000000       0x10 load address 0x08006d04
                0x20000000                __data_start__ = .
                0x20000000                _sdata = __data_start__
 *(vtable)
 *(.data*)
 .data          0x20000000        0x1 ..\obj\LCDTask.o
                0x20000000                isFirstTime
 *fill*         0x20000001        0x3 
 .data          0x20000004        0xc ..\obj\port.o
                0x20000004                NVIC_INT_CTRL
                0x20000008                NVIC_PENDSVSET
                0x2000000c                INT_EXIT
                0x20000010                . = ALIGN (0x4)
                0x20000010                PROVIDE (__preinit_array_start, .)
 *(.preinit_array)
                0x20000010                PROVIDE (__preinit_array_end, .)
                0x20000010                . = ALIGN (0x4)
                0x20000010                PROVIDE (__init_array_start, .)
 *(SORT(.init_array.*))
 *(.init_array)
                0x20000010                PROVIDE (__init_array_end, .)
                0x20000010                . = ALIGN (0x4)
                0x20000010                PROVIDE (__fini_array_start, .)
 *(SORT(.fini_array.*))
 *(.fini_array)
                0x20000010                PROVIDE (__fini_array_end, .)
 *(.jcr*)
                0x20000010                . = ALIGN (0x4)
                0x20000010                __data_end__ = .
                0x20000010                _edata = __data_end__

.igot.plt       0x20000010        0x0 load address 0x08006d14
 .igot.plt      0x00000000        0x0 ..\obj\led_driver.o

.bss            0x20000010     0x3e6c load address 0x08006d18
                0x20000010                . = ALIGN (0x4)
                0x20000010                __bss_start__ = .
                0x20000010                _sbss = __bss_start__
 *(.bss*)
 .bss           0x20000010       0xd4 ..\obj\kernelHeap.o
                0x20000010                KernelHeap
                0x200000d8                FMBlist
                0x200000dc                Kheap
 .bss           0x200000e4        0x3 ..\obj\core.o
                0x200000e4                OSIntNesting
                0x200000e5                OSSchedLock
                0x200000e6                TaskSchedReq
 *fill*         0x200000e7        0x1 
 .bss           0x200000e8       0x38 ..\obj\timer.o
                0x200000e8                TmrTbl
                0x20000118                TmrList
                0x2000011c                TmrIDVessel
 .bss           0x20000120        0x5 ..\obj\LCDTask.o
                0x20000120                LCD_current_rxBuff
                0x20000121                LCD_has_rxBuff
                0x20000122                LCD_isBusy
                0x20000123                blink
                0x20000124                AERdatBuff_index
 *fill*         0x20000125        0x3 
 .bss           0x20000128      0x419 ..\obj\task.o
                0x20000128                TCBTbl
                0x20000414                idle_stk
                0x20000514                FreeTCB
                0x20000518                TCBRdy
                0x2000051c                TCBNext
                0x20000520                TCBRunning
                0x20000528                OSCheckTime
                0x20000530                RdyTaskPri
 *fill*         0x20000541        0x3 
 .bss           0x20000544       0x2f ..\obj\serviceReq.o
                0x20000544                ServiceReq
                0x20000570                IsrReq
                0x20000571                TimeReq
                0x20000572                TimerReq
 .bss           0x20000573        0x1 ..\obj\LCD.o
 .bss           0x20000574        0x4 ..\obj\time.o
                0x20000574                DlyList
 .bss           0x20000578      0x144 ..\obj\event.o
                0x20000578                EventTbl
                0x200006b8                FreeEventList
 .bss           0x200006bc       0x54 ..\obj\mutex.o
                0x200006bc                MutexFreeID
                0x200006c0                MutexTbl
 .bss           0x20000710       0x14 ..\obj\flag.o
                0x20000710                FlagCrl
 *fill*         0x20000724        0x4 
 .bss           0x20000728        0x8 ..\obj\arch.o
                0x20000728                OSTickCnt
 .bss           0x20000730        0x4 ..\obj\AERTask.o
                0x20000730                current_rxBuff
                0x20000731                has_rxBuff
                0x20000732                AERdat_timeStamp_ref
 *(COMMON)
 COMMON         0x20000734     0x2100 ..\obj\LCDTask.o
                0x20000734                LCD_stk
                0x20002734                AERdatBuff
 COMMON         0x20002834       0x2d ..\obj\task.o
                0x20002834                PriNum
                0x20002838                TaskNumPerPri
                0x2000284c                RdyTaskPriInfo
                0x20002850                ActivePri
 *fill*         0x20002861        0x1 
 COMMON         0x20002862        0x4 ..\obj\LCD.o
                0x20002862                i
                0x20002864                DeviceCode
 *fill*         0x20002866        0x2 
 COMMON         0x20002868      0x400 ..\obj\LedTask.o
                0x20002868                led_stk
 COMMON         0x20002c68        0x9 ..\obj\JoyTmr.o
                0x20002c68                lastjoyKey
                0x20002c6c                keyFlag
 *fill*         0x20002c71        0x3 
 COMMON         0x20002c74     0x1208 ..\obj\AERTask.o
                0x20002c74                semAERRxBuff2
                0x20002c78                AERdat_rxBuff2
                0x20002d78                aer_stk
                0x20003d78                semAERRxBuff1
                0x20003d79                flagRxAERBuff_Ready
                0x20003d7c                AERdat_rxBuff1
                0x20003e7c                . = ALIGN (0x4)
                0x20003e7c                __bss_end__ = .
                0x20003e7c                _ebss = __bss_end__

.heap           0x20003e7c        0x0
                0x20003e7c                __end__ = .
                0x20003e7c                _end = __end__
                0x20003e7c                end = __end__
 *(.heap*)
                0x20003e7c                __HeapLimit = .

.co_stack       0x20003e7c      0x804 load address 0x0800ab84
                0x20003e80                . = ALIGN (0x8)
 *fill*         0x20003e7c        0x4 
 *(.co_stack .co_stack.*)
 .co_stack      0x20003e80      0x800 ..\obj\startup_stm32f4xx.o
                0x20003e80                pulStack
                0x20020000                __StackTop = (ORIGIN (ram) + 0x20000)
                0x2001f7fc                __StackLimit = (__StackTop - SIZEOF (.co_stack))
                0x20020000                PROVIDE (__stack, __StackTop)
                0x00000001                ASSERT ((__StackLimit >= __HeapLimit), region ram  overflowed with stack)
LOAD ..\obj\led_driver.o
LOAD ..\obj\kernelHeap.o
LOAD ..\obj\core.o
LOAD ..\obj\timer.o
LOAD ..\obj\utility.o
LOAD ..\obj\stm32f4xx_usart.o
LOAD ..\obj\joy_driver.o
LOAD ..\obj\LCDTask.o
LOAD ..\obj\task.o
LOAD ..\obj\startup_stm32f4xx.o
LOAD ..\obj\serviceReq.o
LOAD ..\obj\analogJoy_driver.o
LOAD ..\obj\main.o
LOAD ..\obj\stm32f4xx_rcc.o
LOAD ..\obj\stm32f4xx_adc.o
LOAD ..\obj\AsciiLib.o
LOAD ..\obj\printf.o
LOAD ..\obj\mbox.o
LOAD ..\obj\mm.o
LOAD ..\obj\LCD.o
LOAD ..\obj\stm32f4xx_fsmc.o
LOAD ..\obj\LedTask.o
LOAD ..\obj\JoyTmr.o
LOAD ..\obj\time.o
LOAD ..\obj\event.o
LOAD ..\obj\stm32f4xx_gpio.o
LOAD ..\obj\stm32f4xx_flash.o
LOAD ..\obj\system_stm32f4xx.o
LOAD ..\obj\syscalls.o
LOAD ..\obj\stm32f4xx_dma.o
LOAD ..\obj\AERdriver.o
LOAD ..\obj\queue.o
LOAD ..\obj\port.o
LOAD ..\obj\mutex.o
LOAD ..\obj\flag.o
LOAD ..\obj\arch.o
LOAD ..\obj\misc.o
LOAD ..\obj\sem.o
LOAD ..\obj\AERTask.o
LOAD ..\obj\hook.o
LOAD ..\obj\stm32f4xx_tim.o
LOAD c:/program files (x86)/gnu tools arm embedded/4.9 2015q3/bin/../lib/gcc/arm-none-eabi/4.9.3/../../../../arm-none-eabi/lib/armv7e-m/softfp\libm.a
LOAD c:/program files (x86)/gnu tools arm embedded/4.9 2015q3/bin/../lib/gcc/arm-none-eabi/4.9.3/armv7e-m/softfp\libgcc.a
LOAD c:/program files (x86)/gnu tools arm embedded/4.9 2015q3/bin/../lib/gcc/arm-none-eabi/4.9.3/../../../../arm-none-eabi/lib/armv7e-m/softfp\libc.a
LOAD c:/program files (x86)/gnu tools arm embedded/4.9 2015q3/bin/../lib/gcc/arm-none-eabi/4.9.3/../../../../arm-none-eabi/lib/armv7e-m/softfp\libnosys.a
START GROUP
LOAD c:/program files (x86)/gnu tools arm embedded/4.9 2015q3/bin/../lib/gcc/arm-none-eabi/4.9.3/armv7e-m/softfp\libgcc.a
LOAD c:/program files (x86)/gnu tools arm embedded/4.9 2015q3/bin/../lib/gcc/arm-none-eabi/4.9.3/../../../../arm-none-eabi/lib/armv7e-m/softfp\libg.a
LOAD c:/program files (x86)/gnu tools arm embedded/4.9 2015q3/bin/../lib/gcc/arm-none-eabi/4.9.3/../../../../arm-none-eabi/lib/armv7e-m/softfp\libc.a
END GROUP
OUTPUT(STM32_CoOs.elf elf32-littlearm)

.debug_info     0x00000000     0x9eaf
 .debug_info    0x00000000      0x323 ..\obj\led_driver.o
 .debug_info    0x00000323      0x2d3 ..\obj\kernelHeap.o
 .debug_info    0x000005f6      0x2c8 ..\obj\core.o
 .debug_info    0x000008be      0x3bd ..\obj\timer.o
 .debug_info    0x00000c7b      0x2df ..\obj\joy_driver.o
 .debug_info    0x00000f5a      0x58f ..\obj\LCDTask.o
 .debug_info    0x000014e9      0x9bf ..\obj\task.o
 .debug_info    0x00001ea8       0xed ..\obj\startup_stm32f4xx.o
 .debug_info    0x00001f95      0x1e5 ..\obj\serviceReq.o
 .debug_info    0x0000217a       0xcd ..\obj\main.o
 .debug_info    0x00002247      0xc4d ..\obj\stm32f4xx_rcc.o
 .debug_info    0x00002e94       0xdd ..\obj\AsciiLib.o
 .debug_info    0x00002f71      0x40e ..\obj\mbox.o
 .debug_info    0x0000337f      0xc13 ..\obj\LCD.o
 .debug_info    0x00003f92      0x8f5 ..\obj\stm32f4xx_fsmc.o
 .debug_info    0x00004887      0x223 ..\obj\LedTask.o
 .debug_info    0x00004aaa      0x1f6 ..\obj\JoyTmr.o
 .debug_info    0x00004ca0      0x3d2 ..\obj\time.o
 .debug_info    0x00005072      0x4a6 ..\obj\event.o
 .debug_info    0x00005518      0x602 ..\obj\stm32f4xx_gpio.o
 .debug_info    0x00005b1a      0x559 ..\obj\system_stm32f4xx.o
 .debug_info    0x00006073      0x63e ..\obj\AERdriver.o
 .debug_info    0x000066b1      0x528 ..\obj\queue.o
 .debug_info    0x00006bd9      0x197 ..\obj\port.o
 .debug_info    0x00006d70      0x475 ..\obj\mutex.o
 .debug_info    0x000071e5      0x639 ..\obj\flag.o
 .debug_info    0x0000781e      0x2fe ..\obj\arch.o
 .debug_info    0x00007b1c      0x3ce ..\obj\sem.o
 .debug_info    0x00007eea      0x2a8 ..\obj\AERTask.o
 .debug_info    0x00008192       0xbc ..\obj\hook.o
 .debug_info    0x0000824e     0x1c61 ..\obj\stm32f4xx_tim.o

.debug_abbrev   0x00000000     0x2858
 .debug_abbrev  0x00000000      0x10e ..\obj\led_driver.o
 .debug_abbrev  0x0000010e      0x14f ..\obj\kernelHeap.o
 .debug_abbrev  0x0000025d       0xf5 ..\obj\core.o
 .debug_abbrev  0x00000352      0x194 ..\obj\timer.o
 .debug_abbrev  0x000004e6      0x12a ..\obj\joy_driver.o
 .debug_abbrev  0x00000610      0x1de ..\obj\LCDTask.o
 .debug_abbrev  0x000007ee      0x24c ..\obj\task.o
 .debug_abbrev  0x00000a3a       0xb0 ..\obj\startup_stm32f4xx.o
 .debug_abbrev  0x00000aea      0x114 ..\obj\serviceReq.o
 .debug_abbrev  0x00000bfe       0x7f ..\obj\main.o
 .debug_abbrev  0x00000c7d      0x1e3 ..\obj\stm32f4xx_rcc.o
 .debug_abbrev  0x00000e60       0x82 ..\obj\AsciiLib.o
 .debug_abbrev  0x00000ee2      0x15f ..\obj\mbox.o
 .debug_abbrev  0x00001041      0x279 ..\obj\LCD.o
 .debug_abbrev  0x000012ba      0x170 ..\obj\stm32f4xx_fsmc.o
 .debug_abbrev  0x0000142a       0xcb ..\obj\LedTask.o
 .debug_abbrev  0x000014f5       0xf6 ..\obj\JoyTmr.o
 .debug_abbrev  0x000015eb      0x194 ..\obj\time.o
 .debug_abbrev  0x0000177f      0x1d4 ..\obj\event.o
 .debug_abbrev  0x00001953      0x1a3 ..\obj\stm32f4xx_gpio.o
 .debug_abbrev  0x00001af6      0x115 ..\obj\system_stm32f4xx.o
 .debug_abbrev  0x00001c0b      0x172 ..\obj\AERdriver.o
 .debug_abbrev  0x00001d7d      0x17f ..\obj\queue.o
 .debug_abbrev  0x00001efc       0xe7 ..\obj\port.o
 .debug_abbrev  0x00001fe3      0x15f ..\obj\mutex.o
 .debug_abbrev  0x00002142      0x1b1 ..\obj\flag.o
 .debug_abbrev  0x000022f3      0x111 ..\obj\arch.o
 .debug_abbrev  0x00002404      0x141 ..\obj\sem.o
 .debug_abbrev  0x00002545      0x102 ..\obj\AERTask.o
 .debug_abbrev  0x00002647       0x8a ..\obj\hook.o
 .debug_abbrev  0x000026d1      0x187 ..\obj\stm32f4xx_tim.o

.debug_aranges  0x00000000      0xdc0
 .debug_aranges
                0x00000000       0x38 ..\obj\led_driver.o
 .debug_aranges
                0x00000038       0x38 ..\obj\kernelHeap.o
 .debug_aranges
                0x00000070       0x58 ..\obj\core.o
 .debug_aranges
                0x000000c8       0x68 ..\obj\timer.o
 .debug_aranges
                0x00000130       0x28 ..\obj\joy_driver.o
 .debug_aranges
                0x00000158       0x70 ..\obj\LCDTask.o
 .debug_aranges
                0x000001c8       0xb0 ..\obj\task.o
 .debug_aranges
                0x00000278       0x28 ..\obj\startup_stm32f4xx.o
 .debug_aranges
                0x000002a0       0x28 ..\obj\serviceReq.o
 .debug_aranges
                0x000002c8       0x30 ..\obj\main.o
 .debug_aranges
                0x000002f8      0x178 ..\obj\stm32f4xx_rcc.o
 .debug_aranges
                0x00000470       0x20 ..\obj\AsciiLib.o
 .debug_aranges
                0x00000490       0x48 ..\obj\mbox.o
 .debug_aranges
                0x000004d8       0xd0 ..\obj\LCD.o
 .debug_aranges
                0x000005a8       0xb0 ..\obj\stm32f4xx_fsmc.o
 .debug_aranges
                0x00000658       0x40 ..\obj\LedTask.o
 .debug_aranges
                0x00000698       0x40 ..\obj\JoyTmr.o
 .debug_aranges
                0x000006d8       0x58 ..\obj\time.o
 .debug_aranges
                0x00000730       0x50 ..\obj\event.o
 .debug_aranges
                0x00000780       0x88 ..\obj\stm32f4xx_gpio.o
 .debug_aranges
                0x00000808       0x30 ..\obj\system_stm32f4xx.o
 .debug_aranges
                0x00000838       0x68 ..\obj\AERdriver.o
 .debug_aranges
                0x000008a0       0x48 ..\obj\queue.o
 .debug_aranges
                0x000008e8       0x50 ..\obj\port.o
 .debug_aranges
                0x00000938       0x38 ..\obj\mutex.o
 .debug_aranges
                0x00000970       0x78 ..\obj\flag.o
 .debug_aranges
                0x000009e8       0x28 ..\obj\arch.o
 .debug_aranges
                0x00000a10       0x48 ..\obj\sem.o
 .debug_aranges
                0x00000a58       0x48 ..\obj\AERTask.o
 .debug_aranges
                0x00000aa0       0x28 ..\obj\hook.o
 .debug_aranges
                0x00000ac8      0x2f8 ..\obj\stm32f4xx_tim.o

.debug_ranges   0x00000000      0xbd0
 .debug_ranges  0x00000000       0x28 ..\obj\led_driver.o
 .debug_ranges  0x00000028       0x28 ..\obj\kernelHeap.o
 .debug_ranges  0x00000050       0x48 ..\obj\core.o
 .debug_ranges  0x00000098       0x58 ..\obj\timer.o
 .debug_ranges  0x000000f0       0x18 ..\obj\joy_driver.o
 .debug_ranges  0x00000108       0x60 ..\obj\LCDTask.o
 .debug_ranges  0x00000168       0xa0 ..\obj\task.o
 .debug_ranges  0x00000208       0x18 ..\obj\startup_stm32f4xx.o
 .debug_ranges  0x00000220       0x18 ..\obj\serviceReq.o
 .debug_ranges  0x00000238       0x20 ..\obj\main.o
 .debug_ranges  0x00000258      0x168 ..\obj\stm32f4xx_rcc.o
 .debug_ranges  0x000003c0       0x10 ..\obj\AsciiLib.o
 .debug_ranges  0x000003d0       0x38 ..\obj\mbox.o
 .debug_ranges  0x00000408       0xc0 ..\obj\LCD.o
 .debug_ranges  0x000004c8       0xa0 ..\obj\stm32f4xx_fsmc.o
 .debug_ranges  0x00000568       0x30 ..\obj\LedTask.o
 .debug_ranges  0x00000598       0x30 ..\obj\JoyTmr.o
 .debug_ranges  0x000005c8       0x48 ..\obj\time.o
 .debug_ranges  0x00000610       0x40 ..\obj\event.o
 .debug_ranges  0x00000650       0x78 ..\obj\stm32f4xx_gpio.o
 .debug_ranges  0x000006c8       0x20 ..\obj\system_stm32f4xx.o
 .debug_ranges  0x000006e8       0x58 ..\obj\AERdriver.o
 .debug_ranges  0x00000740       0x38 ..\obj\queue.o
 .debug_ranges  0x00000778       0x40 ..\obj\port.o
 .debug_ranges  0x000007b8       0x28 ..\obj\mutex.o
 .debug_ranges  0x000007e0       0x68 ..\obj\flag.o
 .debug_ranges  0x00000848       0x18 ..\obj\arch.o
 .debug_ranges  0x00000860       0x38 ..\obj\sem.o
 .debug_ranges  0x00000898       0x38 ..\obj\AERTask.o
 .debug_ranges  0x000008d0       0x18 ..\obj\hook.o
 .debug_ranges  0x000008e8      0x2e8 ..\obj\stm32f4xx_tim.o

.debug_line     0x00000000     0x54a2
 .debug_line    0x00000000      0x2cf ..\obj\led_driver.o
 .debug_line    0x000002cf      0x1aa ..\obj\kernelHeap.o
 .debug_line    0x00000479      0x141 ..\obj\core.o
 .debug_line    0x000005ba      0x20c ..\obj\timer.o
 .debug_line    0x000007c6      0x28b ..\obj\joy_driver.o
 .debug_line    0x00000a51      0x346 ..\obj\LCDTask.o
 .debug_line    0x00000d97      0x485 ..\obj\task.o
 .debug_line    0x0000121c       0xbd ..\obj\startup_stm32f4xx.o
 .debug_line    0x000012d9       0xe6 ..\obj\serviceReq.o
 .debug_line    0x000013bf      0x1ca ..\obj\main.o
 .debug_line    0x00001589      0x621 ..\obj\stm32f4xx_rcc.o
 .debug_line    0x00001baa       0x84 ..\obj\AsciiLib.o
 .debug_line    0x00001c2e      0x155 ..\obj\mbox.o
 .debug_line    0x00001d83      0x867 ..\obj\LCD.o
 .debug_line    0x000025ea      0x4d4 ..\obj\stm32f4xx_fsmc.o
 .debug_line    0x00002abe      0x2f0 ..\obj\LedTask.o
 .debug_line    0x00002dae      0x26c ..\obj\JoyTmr.o
 .debug_line    0x0000301a      0x212 ..\obj\time.o
 .debug_line    0x0000322c      0x1c9 ..\obj\event.o
 .debug_line    0x000033f5      0x3c3 ..\obj\stm32f4xx_gpio.o
 .debug_line    0x000037b8      0x21b ..\obj\system_stm32f4xx.o
 .debug_line    0x000039d3      0x33d ..\obj\AERdriver.o
 .debug_line    0x00003d10      0x19c ..\obj\queue.o
 .debug_line    0x00003eac      0x160 ..\obj\port.o
 .debug_line    0x0000400c      0x175 ..\obj\mutex.o
 .debug_line    0x00004181      0x282 ..\obj\flag.o
 .debug_line    0x00004403      0x12c ..\obj\arch.o
 .debug_line    0x0000452f      0x14d ..\obj\sem.o
 .debug_line    0x0000467c      0x294 ..\obj\AERTask.o
 .debug_line    0x00004910       0xa8 ..\obj\hook.o
 .debug_line    0x000049b8      0xaea ..\obj\stm32f4xx_tim.o

.debug_str      0x00000000     0x3ac3
 .debug_str     0x00000000      0x342 ..\obj\led_driver.o
                                0x398 (size before relaxing)
 .debug_str     0x00000342      0x15f ..\obj\kernelHeap.o
                                0x278 (size before relaxing)
 .debug_str     0x000004a1      0x1a2 ..\obj\core.o
                                0x2c7 (size before relaxing)
 .debug_str     0x00000643      0x16a ..\obj\timer.o
                                0x2b5 (size before relaxing)
 .debug_str     0x000007ad       0x66 ..\obj\joy_driver.o
                                0x386 (size before relaxing)
 .debug_str     0x00000813      0x359 ..\obj\LCDTask.o
                                0x4fe (size before relaxing)
 .debug_str     0x00000b6c      0x31e ..\obj\task.o
                                0x541 (size before relaxing)
 .debug_str     0x00000e8a       0xcb ..\obj\startup_stm32f4xx.o
                                0x187 (size before relaxing)
 .debug_str     0x00000f55       0xbb ..\obj\serviceReq.o
                                0x1ed (size before relaxing)
 .debug_str     0x00001010       0x73 ..\obj\main.o
                                0x1c0 (size before relaxing)
 .debug_str     0x00001083      0x6c0 ..\obj\stm32f4xx_rcc.o
                                0x890 (size before relaxing)
 .debug_str     0x00001743       0x76 ..\obj\AsciiLib.o
                                0x1a9 (size before relaxing)
 .debug_str     0x000017b9       0xb5 ..\obj\mbox.o
                                0x308 (size before relaxing)
 .debug_str     0x0000186e      0x4d1 ..\obj\LCD.o
                                0x868 (size before relaxing)
 .debug_str     0x00001d3f      0x413 ..\obj\stm32f4xx_fsmc.o
                                0x7ca (size before relaxing)
 .debug_str     0x00002152       0x92 ..\obj\LedTask.o
                                0x225 (size before relaxing)
 .debug_str     0x000021e4       0x9d ..\obj\JoyTmr.o
                                0x243 (size before relaxing)
 .debug_str     0x00002281       0xf1 ..\obj\time.o
                                0x324 (size before relaxing)
 .debug_str     0x00002372      0x100 ..\obj\event.o
                                0x36f (size before relaxing)
 .debug_str     0x00002472      0x1b9 ..\obj\stm32f4xx_gpio.o
                                0x4e3 (size before relaxing)
 .debug_str     0x0000262b      0x11a ..\obj\system_stm32f4xx.o
                                0x3cb (size before relaxing)
 .debug_str     0x00002745      0x216 ..\obj\AERdriver.o
                                0x58b (size before relaxing)
 .debug_str     0x0000295b       0xcb ..\obj\queue.o
                                0x36c (size before relaxing)
 .debug_str     0x00002a26       0xe8 ..\obj\port.o
                                0x207 (size before relaxing)
 .debug_str     0x00002b0e       0xa9 ..\obj\mutex.o
                                0x377 (size before relaxing)
 .debug_str     0x00002bb7      0x1c2 ..\obj\flag.o
                                0x3e5 (size before relaxing)
 .debug_str     0x00002d79       0x86 ..\obj\arch.o
                                0x2e7 (size before relaxing)
 .debug_str     0x00002dff       0xa5 ..\obj\sem.o
                                0x30b (size before relaxing)
 .debug_str     0x00002ea4      0x114 ..\obj\AERTask.o
                                0x36d (size before relaxing)
 .debug_str     0x00002fb8       0x73 ..\obj\hook.o
                                0x19a (size before relaxing)
 .debug_str     0x0000302b      0xa98 ..\obj\stm32f4xx_tim.o
                                0xe10 (size before relaxing)

.comment        0x00000000       0x70
 .comment       0x00000000       0x70 ..\obj\led_driver.o
                                 0x71 (size before relaxing)
 .comment       0x00000000       0x71 ..\obj\kernelHeap.o
 .comment       0x00000000       0x71 ..\obj\core.o
 .comment       0x00000000       0x71 ..\obj\timer.o
 .comment       0x00000000       0x71 ..\obj\joy_driver.o
 .comment       0x00000000       0x71 ..\obj\LCDTask.o
 .comment       0x00000000       0x71 ..\obj\task.o
 .comment       0x00000000       0x71 ..\obj\startup_stm32f4xx.o
 .comment       0x00000000       0x71 ..\obj\serviceReq.o
 .comment       0x00000000       0x71 ..\obj\main.o
 .comment       0x00000000       0x71 ..\obj\stm32f4xx_rcc.o
 .comment       0x00000000       0x71 ..\obj\AsciiLib.o
 .comment       0x00000000       0x71 ..\obj\mbox.o
 .comment       0x00000000       0x71 ..\obj\LCD.o
 .comment       0x00000000       0x71 ..\obj\stm32f4xx_fsmc.o
 .comment       0x00000000       0x71 ..\obj\LedTask.o
 .comment       0x00000000       0x71 ..\obj\JoyTmr.o
 .comment       0x00000000       0x71 ..\obj\time.o
 .comment       0x00000000       0x71 ..\obj\event.o
 .comment       0x00000000       0x71 ..\obj\stm32f4xx_gpio.o
 .comment       0x00000000       0x71 ..\obj\system_stm32f4xx.o
 .comment       0x00000000       0x71 ..\obj\AERdriver.o
 .comment       0x00000000       0x71 ..\obj\queue.o
 .comment       0x00000000       0x71 ..\obj\port.o
 .comment       0x00000000       0x71 ..\obj\mutex.o
 .comment       0x00000000       0x71 ..\obj\flag.o
 .comment       0x00000000       0x71 ..\obj\arch.o
 .comment       0x00000000       0x71 ..\obj\sem.o
 .comment       0x00000000       0x71 ..\obj\AERTask.o
 .comment       0x00000000       0x71 ..\obj\hook.o
 .comment       0x00000000       0x71 ..\obj\stm32f4xx_tim.o

.ARM.attributes
                0x00000000       0x37
 .ARM.attributes
                0x00000000       0x37 ..\obj\led_driver.o
 .ARM.attributes
                0x00000037       0x37 ..\obj\kernelHeap.o
 .ARM.attributes
                0x0000006e       0x37 ..\obj\core.o
 .ARM.attributes
                0x000000a5       0x37 ..\obj\timer.o
 .ARM.attributes
                0x000000dc       0x37 ..\obj\joy_driver.o
 .ARM.attributes
                0x00000113       0x37 ..\obj\LCDTask.o
 .ARM.attributes
                0x0000014a       0x37 ..\obj\task.o
 .ARM.attributes
                0x00000181       0x37 ..\obj\startup_stm32f4xx.o
 .ARM.attributes
                0x000001b8       0x37 ..\obj\serviceReq.o
 .ARM.attributes
                0x000001ef       0x37 ..\obj\main.o
 .ARM.attributes
                0x00000226       0x37 ..\obj\stm32f4xx_rcc.o
 .ARM.attributes
                0x0000025d       0x37 ..\obj\AsciiLib.o
 .ARM.attributes
                0x00000294       0x37 ..\obj\mbox.o
 .ARM.attributes
                0x000002cb       0x37 ..\obj\LCD.o
 .ARM.attributes
                0x00000302       0x37 ..\obj\stm32f4xx_fsmc.o
 .ARM.attributes
                0x00000339       0x37 ..\obj\LedTask.o
 .ARM.attributes
                0x00000370       0x37 ..\obj\JoyTmr.o
 .ARM.attributes
                0x000003a7       0x37 ..\obj\time.o
 .ARM.attributes
                0x000003de       0x37 ..\obj\event.o
 .ARM.attributes
                0x00000415       0x37 ..\obj\stm32f4xx_gpio.o
 .ARM.attributes
                0x0000044c       0x37 ..\obj\system_stm32f4xx.o
 .ARM.attributes
                0x00000483       0x37 ..\obj\AERdriver.o
 .ARM.attributes
                0x000004ba       0x37 ..\obj\queue.o
 .ARM.attributes
                0x000004f1       0x37 ..\obj\port.o
 .ARM.attributes
                0x00000528       0x37 ..\obj\mutex.o
 .ARM.attributes
                0x0000055f       0x37 ..\obj\flag.o
 .ARM.attributes
                0x00000596       0x37 ..\obj\arch.o
 .ARM.attributes
                0x000005cd       0x37 ..\obj\sem.o
 .ARM.attributes
                0x00000604       0x37 ..\obj\AERTask.o
 .ARM.attributes
                0x0000063b       0x37 ..\obj\hook.o
 .ARM.attributes
                0x00000672       0x37 ..\obj\stm32f4xx_tim.o
 .ARM.attributes
                0x000006a9       0x22 c:/program files (x86)/gnu tools arm embedded/4.9 2015q3/bin/../lib/gcc/arm-none-eabi/4.9.3/armv7e-m/softfp\libgcc.a(_arm_addsubdf3.o)
 .ARM.attributes
                0x000006cb       0x22 c:/program files (x86)/gnu tools arm embedded/4.9 2015q3/bin/../lib/gcc/arm-none-eabi/4.9.3/armv7e-m/softfp\libgcc.a(_arm_muldivdf3.o)
 .ARM.attributes
                0x000006ed       0x22 c:/program files (x86)/gnu tools arm embedded/4.9 2015q3/bin/../lib/gcc/arm-none-eabi/4.9.3/armv7e-m/softfp\libgcc.a(_arm_fixunsdfsi.o)

.debug_frame    0x00000000     0x3448
 .debug_frame   0x00000000       0xa0 ..\obj\led_driver.o
 .debug_frame   0x000000a0       0xa4 ..\obj\kernelHeap.o
 .debug_frame   0x00000144       0xf8 ..\obj\core.o
 .debug_frame   0x0000023c      0x178 ..\obj\timer.o
 .debug_frame   0x000003b4       0x58 ..\obj\joy_driver.o
 .debug_frame   0x0000040c      0x18c ..\obj\LCDTask.o
 .debug_frame   0x00000598      0x2c8 ..\obj\task.o
 .debug_frame   0x00000860       0x4c ..\obj\startup_stm32f4xx.o
 .debug_frame   0x000008ac       0x58 ..\obj\serviceReq.o
 .debug_frame   0x00000904       0x64 ..\obj\main.o
 .debug_frame   0x00000968      0x6d4 ..\obj\stm32f4xx_rcc.o
 .debug_frame   0x0000103c       0x38 ..\obj\AsciiLib.o
 .debug_frame   0x00001074       0xe8 ..\obj\mbox.o
 .debug_frame   0x0000115c      0x370 ..\obj\LCD.o
 .debug_frame   0x000014cc      0x300 ..\obj\stm32f4xx_fsmc.o
 .debug_frame   0x000017cc       0xac ..\obj\LedTask.o
 .debug_frame   0x00001878       0xc4 ..\obj\JoyTmr.o
 .debug_frame   0x0000193c      0x130 ..\obj\time.o
 .debug_frame   0x00001a6c      0x114 ..\obj\event.o
 .debug_frame   0x00001b80      0x23c ..\obj\stm32f4xx_gpio.o
 .debug_frame   0x00001dbc       0x74 ..\obj\system_stm32f4xx.o
 .debug_frame   0x00001e30      0x154 ..\obj\AERdriver.o
 .debug_frame   0x00001f84       0xe8 ..\obj\queue.o
 .debug_frame   0x0000206c       0xd0 ..\obj\port.o
 .debug_frame   0x0000213c       0xa0 ..\obj\mutex.o
 .debug_frame   0x000021dc      0x1cc ..\obj\flag.o
 .debug_frame   0x000023a8       0x54 ..\obj\arch.o
 .debug_frame   0x000023fc       0xe8 ..\obj\sem.o
 .debug_frame   0x000024e4       0xc8 ..\obj\AERTask.o
 .debug_frame   0x000025ac       0x48 ..\obj\hook.o
 .debug_frame   0x000025f4      0xe54 ..\obj\stm32f4xx_tim.o
